Archive member included to satisfy reference by file (symbol)

c:/program files/microchip/xc8/v2.46/avr/bin/../lib/gcc/avr/5.4.0/../../../../avr/lib/avrxmega3\libm.a(addsf3.o)
                              build/default/production/main.o (__subsf3)
c:/program files/microchip/xc8/v2.46/avr/bin/../lib/gcc/avr/5.4.0/../../../../avr/lib/avrxmega3\libm.a(addsf3x.o)
                              c:/program files/microchip/xc8/v2.46/avr/bin/../lib/gcc/avr/5.4.0/../../../../avr/lib/avrxmega3\libm.a(addsf3.o) (__addsf3x)
c:/program files/microchip/xc8/v2.46/avr/bin/../lib/gcc/avr/5.4.0/../../../../avr/lib/avrxmega3\libm.a(divsf3.o)
                              build/default/production/main.o (__divsf3)
c:/program files/microchip/xc8/v2.46/avr/bin/../lib/gcc/avr/5.4.0/../../../../avr/lib/avrxmega3\libm.a(divsf3x.o)
                              c:/program files/microchip/xc8/v2.46/avr/bin/../lib/gcc/avr/5.4.0/../../../../avr/lib/avrxmega3\libm.a(divsf3.o) (__divsf3x)
c:/program files/microchip/xc8/v2.46/avr/bin/../lib/gcc/avr/5.4.0/../../../../avr/lib/avrxmega3\libm.a(floatsisf.o)
                              build/default/production/main.o (__floatunsisf)
c:/program files/microchip/xc8/v2.46/avr/bin/../lib/gcc/avr/5.4.0/../../../../avr/lib/avrxmega3\libm.a(fp_inf.o)
                              c:/program files/microchip/xc8/v2.46/avr/bin/../lib/gcc/avr/5.4.0/../../../../avr/lib/avrxmega3\libm.a(addsf3x.o) (__fp_inf)
c:/program files/microchip/xc8/v2.46/avr/bin/../lib/gcc/avr/5.4.0/../../../../avr/lib/avrxmega3\libm.a(fp_nan.o)
                              c:/program files/microchip/xc8/v2.46/avr/bin/../lib/gcc/avr/5.4.0/../../../../avr/lib/avrxmega3\libm.a(addsf3x.o) (__fp_nan)
c:/program files/microchip/xc8/v2.46/avr/bin/../lib/gcc/avr/5.4.0/../../../../avr/lib/avrxmega3\libm.a(fp_pscA.o)
                              c:/program files/microchip/xc8/v2.46/avr/bin/../lib/gcc/avr/5.4.0/../../../../avr/lib/avrxmega3\libm.a(addsf3x.o) (__fp_pscA)
c:/program files/microchip/xc8/v2.46/avr/bin/../lib/gcc/avr/5.4.0/../../../../avr/lib/avrxmega3\libm.a(fp_pscB.o)
                              c:/program files/microchip/xc8/v2.46/avr/bin/../lib/gcc/avr/5.4.0/../../../../avr/lib/avrxmega3\libm.a(addsf3x.o) (__fp_pscB)
c:/program files/microchip/xc8/v2.46/avr/bin/../lib/gcc/avr/5.4.0/../../../../avr/lib/avrxmega3\libm.a(fp_round.o)
                              c:/program files/microchip/xc8/v2.46/avr/bin/../lib/gcc/avr/5.4.0/../../../../avr/lib/avrxmega3\libm.a(addsf3.o) (__fp_round)
c:/program files/microchip/xc8/v2.46/avr/bin/../lib/gcc/avr/5.4.0/../../../../avr/lib/avrxmega3\libm.a(fp_split3.o)
                              c:/program files/microchip/xc8/v2.46/avr/bin/../lib/gcc/avr/5.4.0/../../../../avr/lib/avrxmega3\libm.a(addsf3x.o) (__fp_split3)
c:/program files/microchip/xc8/v2.46/avr/bin/../lib/gcc/avr/5.4.0/../../../../avr/lib/avrxmega3\libm.a(fp_zero.o)
                              c:/program files/microchip/xc8/v2.46/avr/bin/../lib/gcc/avr/5.4.0/../../../../avr/lib/avrxmega3\libm.a(addsf3x.o) (__fp_zero)
c:/program files/microchip/xc8/v2.46/avr/bin/../lib/gcc/avr/5.4.0/../../../../avr/lib/avrxmega3\libm.a(gesf2.o)
                              build/default/production/main.o (__gesf2)
c:/program files/microchip/xc8/v2.46/avr/bin/../lib/gcc/avr/5.4.0/../../../../avr/lib/avrxmega3\libm.a(mulsf3.o)
                              build/default/production/main.o (__mulsf3)
c:/program files/microchip/xc8/v2.46/avr/bin/../lib/gcc/avr/5.4.0/../../../../avr/lib/avrxmega3\libm.a(mulsf3x.o)
                              c:/program files/microchip/xc8/v2.46/avr/bin/../lib/gcc/avr/5.4.0/../../../../avr/lib/avrxmega3\libm.a(mulsf3.o) (__mulsf3x)
c:/program files/microchip/xc8/v2.46/avr/bin/../lib/gcc/avr/5.4.0/../../../../avr/lib/avrxmega3\libm.a(fp_cmp.o)
                              c:/program files/microchip/xc8/v2.46/avr/bin/../lib/gcc/avr/5.4.0/../../../../avr/lib/avrxmega3\libm.a(gesf2.o) (__fp_cmp)
c:/program files/microchip/xc8/v2.46/avr/bin/../lib/gcc/avr/5.4.0/avrxmega3\libgcc.a(_mulsi3.o)
                              build/default/production/main.o (__mulsi3)
c:/program files/microchip/xc8/v2.46/avr/bin/../lib/gcc/avr/5.4.0/avrxmega3\libgcc.a(_divmodsi4.o)
                              build/default/production/main.o (__divmodsi4)
c:/program files/microchip/xc8/v2.46/avr/bin/../lib/gcc/avr/5.4.0/avrxmega3\libgcc.a(_negsi2.o)
                              c:/program files/microchip/xc8/v2.46/avr/bin/../lib/gcc/avr/5.4.0/avrxmega3\libgcc.a(_divmodsi4.o) (__negsi2)
c:/program files/microchip/xc8/v2.46/avr/bin/../lib/gcc/avr/5.4.0/avrxmega3\libgcc.a(_copy_data.o)
                              build/default/production/mcc_generated_files/system/src/config_bits.o (__do_copy_data)
c:/program files/microchip/xc8/v2.46/avr/bin/../lib/gcc/avr/5.4.0/avrxmega3\libgcc.a(_umulhisi3.o)
                              build/default/production/main.o (__umulhisi3)
[...]
Memory Configuration

Name             Origin             Length             Attributes
text             0x0000000000000000 0x000000000000c000 xr
data             0x0000000000802800 0x0000000000001800 rw !x
eeprom           0x0000000000810000 0x0000000000000100 rw !x
fuse             0x0000000000820000 0x000000000000000a rw !x
lock             0x0000000000830000 0x0000000000000400 rw !x
signature        0x0000000000840000 0x0000000000000400 rw !x
user_signatures  0x0000000000850000 0x0000000000000400 rw !x
bootrow          0x0000000000860000 0x0000000000000400 rw !x
*default*        0x0000000000000000 0xffffffffffffffff

Linker script and memory map

Address of section .data set to 0x802800
                0x0000000000004000                __RODATA_PM_OFFSET__ = 0x4000
LOAD C:/Program Files/Microchip/MPLABX/v6.20/packs/Microchip/ATmega_DFP/3.1.264/xc8/avr/lib/avrxmega3/crtatmega4809.o
                0x0000000000000001                __MPLAB_BUILD = 0x1
LOAD build/default/production/mcc_generated_files/adc/src/adc0.o
LOAD build/default/production/mcc_generated_files/nvm/src/nvm.o
LOAD build/default/production/mcc_generated_files/system/src/clock.o
LOAD build/default/production/mcc_generated_files/system/src/system.o
LOAD build/default/production/mcc_generated_files/system/src/protected_io.o
LOAD build/default/production/mcc_generated_files/system/src/pins.o
LOAD build/default/production/mcc_generated_files/system/src/interrupt.o
LOAD build/default/production/mcc_generated_files/system/src/config_bits.o
LOAD build/default/production/mcc_generated_files/timer/src/tca0.o
LOAD build/default/production/mcc_generated_files/timer/src/rtc.o
LOAD build/default/production/mcc_generated_files/timer/src/delay.o
LOAD build/default/production/mcc_generated_files/vref/src/vref.o
LOAD build/default/production/main.o
START GROUP
LOAD c:/program files/microchip/xc8/v2.46/avr/bin/../lib/gcc/avr/5.4.0/../../../../avr/lib/avrxmega3\libm.a
END GROUP
START GROUP
LOAD c:/program files/microchip/xc8/v2.46/avr/bin/../lib/gcc/avr/5.4.0/avrxmega3\libgcc.a
LOAD c:/program files/microchip/xc8/v2.46/avr/bin/../lib/gcc/avr/5.4.0/../../../../avr/lib/avrxmega3\libm.a
LOAD c:/program files/microchip/xc8/v2.46/avr/bin/../lib/gcc/avr/5.4.0/../../../../avr/lib/avrxmega3\libc.a
LOAD C:/Program Files/Microchip/MPLABX/v6.20/packs/Microchip/ATmega_DFP/3.1.264/xc8/avr/lib/avrxmega3\libatmega4809.a
END GROUP
                [0x0000000000000000]                __TEXT_REGION_ORIGIN__ = DEFINED (__TEXT_REGION_ORIGIN__)?__TEXT_REGION_ORIGIN__:0x0
                [0x0000000000802800]                __DATA_REGION_ORIGIN__ = DEFINED (__DATA_REGION_ORIGIN__)?__DATA_REGION_ORIGIN__:0x802000
                [0x000000000000c000]                __TEXT_REGION_LENGTH__ = DEFINED (__TEXT_REGION_LENGTH__)?__TEXT_REGION_LENGTH__:0x100000
                [0x0000000000001800]                __DATA_REGION_LENGTH__ = DEFINED (__DATA_REGION_LENGTH__)?__DATA_REGION_LENGTH__:0xffa0
                [0x0000000000000100]                __EEPROM_REGION_LENGTH__ = DEFINED (__EEPROM_REGION_LENGTH__)?__EEPROM_REGION_LENGTH__:0x10000
                [0x000000000000000a]                __FUSE_REGION_LENGTH__ = DEFINED (__FUSE_REGION_LENGTH__)?__FUSE_REGION_LENGTH__:0x400
                0x0000000000000400                __LOCK_REGION_LENGTH__ = DEFINED (__LOCK_REGION_LENGTH__)?__LOCK_REGION_LENGTH__:0x400
                0x0000000000000400                __SIGNATURE_REGION_LENGTH__ = DEFINED (__SIGNATURE_REGION_LENGTH__)?__SIGNATURE_REGION_LENGTH__:0x400
                0x0000000000000400                __USER_SIGNATURE_REGION_LENGTH__ = DEFINED (__USER_SIGNATURE_REGION_LENGTH__)?__USER_SIGNATURE_REGION_LENGTH__:0x400
                0x0000000000008000                __RODATA_PM_OFFSET__ = DEFINED (__RODATA_PM_OFFSET__)?__RODATA_PM_OFFSET__:0x8000
                0x0000000000000400                __BOOTROW_REGION_LENGTH__ = DEFINED (__BOOTROW_REGION_LENGTH__)?__BOOTROW_REGION_LENGTH__:0x400

.hash
 *(.hash)

.dynsym
 *(.dynsym)

.dynstr
 *(.dynstr)

.gnu.version
 *(.gnu.version)

.gnu.version_d
 *(.gnu.version_d)

.gnu.version_r
 *(.gnu.version_r)

.rel.init
 *(.rel.init)

.rela.init
 *(.rela.init)

.rel.text
 *(.rel.text)
 *(.rel.text.*)
 *(.rel.gnu.linkonce.t*)

.rela.text
 *(.rela.text)
 *(.rela.text.*)
 *(.rela.gnu.linkonce.t*)

.rel.fini
 *(.rel.fini)

.rela.fini
 *(.rela.fini)

.rel.rodata
 *(.rel.rodata)
 *(.rel.rodata.*)
 *(.rel.gnu.linkonce.r*)

.rela.rodata
 *(.rela.rodata)
 *(.rela.rodata.*)
 *(.rela.gnu.linkonce.r*)

.rel.data
 *(.rel.data)
 *(.rel.data.*)
 *(.rel.gnu.linkonce.d*)

.rela.data
 *(.rela.data)
 *(.rela.data.*)
 *(.rela.gnu.linkonce.d*)

.rel.ctors
 *(.rel.ctors)

.rela.ctors
 *(.rela.ctors)

.rel.dtors
 *(.rel.dtors)

.rela.dtors
 *(.rela.dtors)

.rel.got
 *(.rel.got)

.rela.got
 *(.rela.got)

.rel.bss
 *(.rel.bss)

.rela.bss
 *(.rela.bss)

.rel.plt
 *(.rel.plt)

.rela.plt
 *(.rela.plt)

.text           0x0000000000000000      0x12c
 *(.vectors)
 .vectors       0x0000000000000000       0xa0 C:/Program Files/Microchip/MPLABX/v6.20/packs/Microchip/ATmega_DFP/3.1.264/xc8/avr/lib/avrxmega3/crtatmega4809.o
                0x0000000000000000                __vector_default
                0x0000000000000000                __vectors
 *(.vectors)
 *(.progmem.gcc*)
 *(.dinit)
 .dinit         0x00000000000000a0       0x37 data_init
                0x00000000000000d8                . = ALIGN (0x2)
 *fill*         0x00000000000000d7        0x1 
                0x00000000000000d8                __trampolines_start = .
 *(.trampolines)
 .trampolines   0x00000000000000d8        0x0 linker stubs
 *(.trampolines*)
                0x00000000000000d8                __trampolines_end = .
 *libprintf_flt.a:*(.progmem.data)
 *libc.a:*(.progmem.data)
                0x00000000000000d8                . = ALIGN (0x2)
 *(.jumptables)
 *(.jumptables*)
 *(.lowtext)
 *(.lowtext*)
                0x00000000000000d8                __ctors_start = .
 *(.ctors)
                0x00000000000000d8                __ctors_end = .
                0x00000000000000d8                __dtors_start = .
 *(.dtors)
                0x00000000000000d8                __dtors_end = .
 SORT(*)(.ctors)
 SORT(*)(.dtors)
 *(.init0)
 .init0         0x00000000000000d8        0x0 C:/Program Files/Microchip/MPLABX/v6.20/packs/Microchip/ATmega_DFP/3.1.264/xc8/avr/lib/avrxmega3/crtatmega4809.o
                0x00000000000000d8                __init
 *(.init0)
 *(.init1)
 *(.init1)
 *(.init2)
 .init2         0x00000000000000d8        0xc C:/Program Files/Microchip/MPLABX/v6.20/packs/Microchip/ATmega_DFP/3.1.264/xc8/avr/lib/avrxmega3/crtatmega4809.o
 *(.init2)
 *(.init3)
 *(.init3)
 *(.init4)
 .init4         0x00000000000000e4       0x3c c:/program files/microchip/xc8/v2.46/avr/bin/../lib/gcc/avr/5.4.0/avrxmega3\libgcc.a(_copy_data.o)
                0x00000000000000e4                __do_copy_data
                0x0000000000000112                __do_clear_bss
 *(.init4)
 *(.init5)
 *(.init5)
 *(.init6)
 *(.init6)
 *(.init7)
 *(.init7)
 *(.init8)
 *(.init8)
 *(.init9)
 .init9         0x0000000000000120        0x8 C:/Program Files/Microchip/MPLABX/v6.20/packs/Microchip/ATmega_DFP/3.1.264/xc8/avr/lib/avrxmega3/crtatmega4809.o
 *(.init9)
                0x0000000000000128                . = ALIGN (0x2)
 *(.fini9)
 .fini9         0x0000000000000128        0x0 c:/program files/microchip/xc8/v2.46/avr/bin/../lib/gcc/avr/5.4.0/avrxmega3\libgcc.a(_exit.o)
                0x0000000000000128                _exit
 *(.fini9)
 *(.fini8)
 *(.fini8)
 *(.fini7)
 *(.fini7)
 *(.fini6)
 *(.fini6)
 *(.fini5)
 *(.fini5)
 *(.fini4)
 *(.fini4)
 *(.fini3)
 *(.fini3)
 *(.fini2)
 *(.fini2)
 *(.fini1)
 *(.fini1)
 *(.fini0)
 .fini0         0x0000000000000128        0x4 c:/program files/microchip/xc8/v2.46/avr/bin/../lib/gcc/avr/5.4.0/avrxmega3\libgcc.a(_exit.o)
 *(.fini0)
                0x000000000000012c                _etext = .

.data           0x0000000000802800        0x0 load address 0x000000000000012c
                [!provide]                        PROVIDE (__data_start, .)
 *(.gnu.linkonce.d*)
                0x0000000000802800                . = ALIGN (0x2)
                0x0000000000802800                _edata = .
                [!provide]                        PROVIDE (__data_end, .)

.bss            0x0000000000802800        0x0
                [!provide]                        PROVIDE (__bss_start, .)
 *(COMMON)
                [!provide]                        PROVIDE (__bss_end, .)
                0x000000000000012c                __data_load_start = LOADADDR (.data)
                0x000000000000012c                __data_load_end = (__data_load_start + SIZEOF (.data))

.noinit         0x0000000000802800        0x0
                [!provide]                        PROVIDE (__noinit_start, .)
 *(.noinit*)
                [!provide]                        PROVIDE (__noinit_end, .)
                0x0000000000802800                _end = .

.eeprom         0x0000000000810000        0x0
 *(.eeprom*)
                0x0000000000810000                __eeprom_end = .

.fuse           0x0000000000820000        0x9
 *(.fuse)
 .fuse          0x0000000000820000        0x9 build/default/production/mcc_generated_files/system/src/config_bits.o
                0x0000000000820000                __fuse
 *(.lfuse)
 *(.hfuse)
 *(.efuse)

.lock
 *(.lock*)

.signature
 *(.signature*)

.user_signatures
 *(.user_signatures*)

.bootrow
 *(.bootrow*)

.stab
 *(.stab)

.stabstr
 *(.stabstr)

.stab.excl
 *(.stab.excl)

.stab.exclstr
 *(.stab.exclstr)

.stab.index
 *(.stab.index)

.stab.indexstr
 *(.stab.indexstr)

.comment        0x0000000000000000       0x5b
 *(.comment)
 .comment       0x0000000000000000       0x2f build/default/production/mcc_generated_files/adc/src/adc0.o
                                         0x30 (size before relaxing)
 .comment       0x000000000000002f       0x30 build/default/production/mcc_generated_files/nvm/src/nvm.o
 .comment       0x000000000000002f       0x30 build/default/production/mcc_generated_files/system/src/clock.o
 .comment       0x000000000000002f       0x30 build/default/production/mcc_generated_files/system/src/system.o
 .comment       0x000000000000002f       0x30 build/default/production/mcc_generated_files/system/src/pins.o
 .comment       0x000000000000002f       0x30 build/default/production/mcc_generated_files/system/src/interrupt.o
 .comment       0x000000000000002f       0x30 build/default/production/mcc_generated_files/system/src/config_bits.o
 .comment       0x000000000000002f       0x30 build/default/production/mcc_generated_files/timer/src/tca0.o
 .comment       0x000000000000002f       0x30 build/default/production/mcc_generated_files/timer/src/rtc.o
 .comment       0x000000000000002f       0x30 build/default/production/mcc_generated_files/timer/src/delay.o
 .comment       0x000000000000002f       0x30 build/default/production/mcc_generated_files/vref/src/vref.o
 .comment       0x000000000000002f       0x30 build/default/production/main.o
 .comment       0x000000000000002f       0x2c c:/program files/microchip/xc8/v2.46/avr/bin/../lib/gcc/avr/5.4.0/../../../../avr/lib/avrxmega3\libc.a(exit.o)
                                         0x2d (size before relaxing)
 .comment       0x000000000000005b       0x2d c:/program files/microchip/xc8/v2.46/avr/bin/../lib/gcc/avr/5.4.0/../../../../avr/lib/avrxmega3\libc.a(_Exit.o)

.stack.descriptors.hdr
                0x0000000000000000      0x15e
 .stack.descriptors.hdr
                0x0000000000000000        0xe c:/program files/microchip/xc8/v2.46/avr/bin/../lib/gcc/avr/5.4.0/../../../../avr/lib/avrxmega3\libm.a(addsf3.o)
 .stack.descriptors.hdr
                0x000000000000000e        0xe c:/program files/microchip/xc8/v2.46/avr/bin/../lib/gcc/avr/5.4.0/../../../../avr/lib/avrxmega3\libm.a(addsf3x.o)
 .stack.descriptors.hdr
                0x000000000000001c        0xe c:/program files/microchip/xc8/v2.46/avr/bin/../lib/gcc/avr/5.4.0/../../../../avr/lib/avrxmega3\libm.a(divsf3.o)
 .stack.descriptors.hdr
                0x000000000000002a        0xe c:/program files/microchip/xc8/v2.46/avr/bin/../lib/gcc/avr/5.4.0/../../../../avr/lib/avrxmega3\libm.a(divsf3x.o)
 .stack.descriptors.hdr
                0x0000000000000038        0xe c:/program files/microchip/xc8/v2.46/avr/bin/../lib/gcc/avr/5.4.0/../../../../avr/lib/avrxmega3\libm.a(floatsisf.o)
 .stack.descriptors.hdr
                0x0000000000000046        0xe c:/program files/microchip/xc8/v2.46/avr/bin/../lib/gcc/avr/5.4.0/../../../../avr/lib/avrxmega3\libm.a(fp_inf.o)
 .stack.descriptors.hdr
                0x0000000000000054        0xe c:/program files/microchip/xc8/v2.46/avr/bin/../lib/gcc/avr/5.4.0/../../../../avr/lib/avrxmega3\libm.a(fp_nan.o)
 .stack.descriptors.hdr
                0x0000000000000062        0xe c:/program files/microchip/xc8/v2.46/avr/bin/../lib/gcc/avr/5.4.0/../../../../avr/lib/avrxmega3\libm.a(fp_pscA.o)
 .stack.descriptors.hdr
                0x0000000000000070        0xe c:/program files/microchip/xc8/v2.46/avr/bin/../lib/gcc/avr/5.4.0/../../../../avr/lib/avrxmega3\libm.a(fp_pscB.o)
 .stack.descriptors.hdr
                0x000000000000007e        0xe c:/program files/microchip/xc8/v2.46/avr/bin/../lib/gcc/avr/5.4.0/../../../../avr/lib/avrxmega3\libm.a(fp_round.o)
 .stack.descriptors.hdr
                0x000000000000008c        0xe c:/program files/microchip/xc8/v2.46/avr/bin/../lib/gcc/avr/5.4.0/../../../../avr/lib/avrxmega3\libm.a(fp_split3.o)
 .stack.descriptors.hdr
                0x000000000000009a        0xe c:/program files/microchip/xc8/v2.46/avr/bin/../lib/gcc/avr/5.4.0/../../../../avr/lib/avrxmega3\libm.a(fp_zero.o)
 .stack.descriptors.hdr
                0x00000000000000a8        0xe c:/program files/microchip/xc8/v2.46/avr/bin/../lib/gcc/avr/5.4.0/../../../../avr/lib/avrxmega3\libm.a(gesf2.o)
 .stack.descriptors.hdr
                0x00000000000000b6        0xe c:/program files/microchip/xc8/v2.46/avr/bin/../lib/gcc/avr/5.4.0/../../../../avr/lib/avrxmega3\libm.a(mulsf3.o)
 .stack.descriptors.hdr
                0x00000000000000c4        0xe c:/program files/microchip/xc8/v2.46/avr/bin/../lib/gcc/avr/5.4.0/../../../../avr/lib/avrxmega3\libm.a(mulsf3x.o)
 .stack.descriptors.hdr
                0x00000000000000d2        0xe c:/program files/microchip/xc8/v2.46/avr/bin/../lib/gcc/avr/5.4.0/../../../../avr/lib/avrxmega3\libm.a(fp_cmp.o)
 .stack.descriptors.hdr
                0x00000000000000e0        0xe c:/program files/microchip/xc8/v2.46/avr/bin/../lib/gcc/avr/5.4.0/avrxmega3\libgcc.a(_mulsi3.o)
 .stack.descriptors.hdr
                0x00000000000000ee        0xe c:/program files/microchip/xc8/v2.46/avr/bin/../lib/gcc/avr/5.4.0/avrxmega3\libgcc.a(_divmodsi4.o)
 .stack.descriptors.hdr
                0x00000000000000fc        0xe c:/program files/microchip/xc8/v2.46/avr/bin/../lib/gcc/avr/5.4.0/avrxmega3\libgcc.a(_negsi2.o)
 .stack.descriptors.hdr
                0x000000000000010a        0xe c:/program files/microchip/xc8/v2.46/avr/bin/../lib/gcc/avr/5.4.0/avrxmega3\libgcc.a(_umulhisi3.o)
 .stack.descriptors.hdr
                0x0000000000000118        0xe c:/program files/microchip/xc8/v2.46/avr/bin/../lib/gcc/avr/5.4.0/avrxmega3\libgcc.a(_muluhisi3.o)
 .stack.descriptors.hdr
                0x0000000000000126        0xe c:/program files/microchip/xc8/v2.46/avr/bin/../lib/gcc/avr/5.4.0/avrxmega3\libgcc.a(_udivmodsi4.o)
 .stack.descriptors.hdr
                0x0000000000000134        0xe c:/program files/microchip/xc8/v2.46/avr/bin/../lib/gcc/avr/5.4.0/../../../../avr/lib/avrxmega3\libc.a(exit.o)
 .stack.descriptors.hdr
                0x0000000000000142        0xe c:/program files/microchip/xc8/v2.46/avr/bin/../lib/gcc/avr/5.4.0/../../../../avr/lib/avrxmega3\libc.a(_Exit.o)
 .stack.descriptors.hdr
                0x0000000000000150        0xe c:/program files/microchip/xc8/v2.46/avr/bin/../lib/gcc/avr/5.4.0/avrxmega3\libgcc.a(_exit.o)

.note.GNU-stack
                0x0000000000000000        0x0
 .note.GNU-stack
                0x0000000000000000        0x0 c:/program files/microchip/xc8/v2.46/avr/bin/../lib/gcc/avr/5.4.0/../../../../avr/lib/avrxmega3\libm.a(addsf3.o)
 .note.GNU-stack
                0x0000000000000000        0x0 c:/program files/microchip/xc8/v2.46/avr/bin/../lib/gcc/avr/5.4.0/../../../../avr/lib/avrxmega3\libm.a(addsf3x.o)
 .note.GNU-stack
                0x0000000000000000        0x0 c:/program files/microchip/xc8/v2.46/avr/bin/../lib/gcc/avr/5.4.0/../../../../avr/lib/avrxmega3\libm.a(divsf3.o)
 .note.GNU-stack
                0x0000000000000000        0x0 c:/program files/microchip/xc8/v2.46/avr/bin/../lib/gcc/avr/5.4.0/../../../../avr/lib/avrxmega3\libm.a(divsf3x.o)
 .note.GNU-stack
                0x0000000000000000        0x0 c:/program files/microchip/xc8/v2.46/avr/bin/../lib/gcc/avr/5.4.0/../../../../avr/lib/avrxmega3\libm.a(floatsisf.o)
 .note.GNU-stack
                0x0000000000000000        0x0 c:/program files/microchip/xc8/v2.46/avr/bin/../lib/gcc/avr/5.4.0/../../../../avr/lib/avrxmega3\libm.a(fp_inf.o)
 .note.GNU-stack
                0x0000000000000000        0x0 c:/program files/microchip/xc8/v2.46/avr/bin/../lib/gcc/avr/5.4.0/../../../../avr/lib/avrxmega3\libm.a(fp_nan.o)
 .note.GNU-stack
                0x0000000000000000        0x0 c:/program files/microchip/xc8/v2.46/avr/bin/../lib/gcc/avr/5.4.0/../../../../avr/lib/avrxmega3\libm.a(fp_pscA.o)
 .note.GNU-stack
                0x0000000000000000        0x0 c:/program files/microchip/xc8/v2.46/avr/bin/../lib/gcc/avr/5.4.0/../../../../avr/lib/avrxmega3\libm.a(fp_pscB.o)
 .note.GNU-stack
                0x0000000000000000        0x0 c:/program files/microchip/xc8/v2.46/avr/bin/../lib/gcc/avr/5.4.0/../../../../avr/lib/avrxmega3\libm.a(fp_round.o)
 .note.GNU-stack
                0x0000000000000000        0x0 c:/program files/microchip/xc8/v2.46/avr/bin/../lib/gcc/avr/5.4.0/../../../../avr/lib/avrxmega3\libm.a(fp_split3.o)
 .note.GNU-stack
                0x0000000000000000        0x0 c:/program files/microchip/xc8/v2.46/avr/bin/../lib/gcc/avr/5.4.0/../../../../avr/lib/avrxmega3\libm.a(fp_zero.o)
 .note.GNU-stack
                0x0000000000000000        0x0 c:/program files/microchip/xc8/v2.46/avr/bin/../lib/gcc/avr/5.4.0/../../../../avr/lib/avrxmega3\libm.a(gesf2.o)
 .note.GNU-stack
                0x0000000000000000        0x0 c:/program files/microchip/xc8/v2.46/avr/bin/../lib/gcc/avr/5.4.0/../../../../avr/lib/avrxmega3\libm.a(mulsf3.o)
 .note.GNU-stack
                0x0000000000000000        0x0 c:/program files/microchip/xc8/v2.46/avr/bin/../lib/gcc/avr/5.4.0/../../../../avr/lib/avrxmega3\libm.a(mulsf3x.o)
 .note.GNU-stack
                0x0000000000000000        0x0 c:/program files/microchip/xc8/v2.46/avr/bin/../lib/gcc/avr/5.4.0/../../../../avr/lib/avrxmega3\libm.a(fp_cmp.o)
 .note.GNU-stack
                0x0000000000000000        0x0 c:/program files/microchip/xc8/v2.46/avr/bin/../lib/gcc/avr/5.4.0/../../../../avr/lib/avrxmega3\libc.a(exit.o)
 .note.GNU-stack
                0x0000000000000000        0x0 c:/program files/microchip/xc8/v2.46/avr/bin/../lib/gcc/avr/5.4.0/../../../../avr/lib/avrxmega3\libc.a(_Exit.o)

.note.gnu.build-id
 *(.note.gnu.build-id)

.debug
 *(.debug)

.line
 *(.line)

.debug_srcinfo
 *(.debug_srcinfo)

.debug_sfnames
 *(.debug_sfnames)

.debug_aranges  0x0000000000000000      0x728
 *(.debug_aranges)
 .debug_aranges
                0x0000000000000000       0xb0 build/default/production/mcc_generated_files/adc/src/adc0.o
 .debug_aranges
                0x00000000000000b0       0x40 build/default/production/mcc_generated_files/nvm/src/nvm.o
 .debug_aranges
                0x00000000000000f0       0x20 build/default/production/mcc_generated_files/system/src/clock.o
 .debug_aranges
                0x0000000000000110       0x20 build/default/production/mcc_generated_files/system/src/system.o
 .debug_aranges
                0x0000000000000130       0x20 build/default/production/mcc_generated_files/system/src/protected_io.o
 .debug_aranges
                0x0000000000000150      0x2d0 build/default/production/mcc_generated_files/system/src/pins.o
 .debug_aranges
                0x0000000000000420       0x20 build/default/production/mcc_generated_files/system/src/interrupt.o
 .debug_aranges
                0x0000000000000440       0x18 build/default/production/mcc_generated_files/system/src/config_bits.o
 .debug_aranges
                0x0000000000000458      0x138 build/default/production/mcc_generated_files/timer/src/tca0.o
 .debug_aranges
                0x0000000000000590       0xc8 build/default/production/mcc_generated_files/timer/src/rtc.o
 .debug_aranges
                0x0000000000000658       0x28 build/default/production/mcc_generated_files/timer/src/delay.o
 .debug_aranges
                0x0000000000000680       0x20 build/default/production/mcc_generated_files/vref/src/vref.o
 .debug_aranges
                0x00000000000006a0       0x88 build/default/production/main.o

.debug_pubnames
 *(.debug_pubnames)

.debug_info     0x0000000000000000     0xad73
 *(.debug_info .gnu.linkonce.wi.*)
 .debug_info    0x0000000000000000     0x248a C:/Program Files/Microchip/MPLABX/v6.20/packs/Microchip/ATmega_DFP/3.1.264/xc8/avr/lib/avrxmega3/crtatmega4809.o
 .debug_info    0x000000000000248a      0xa7b build/default/production/mcc_generated_files/adc/src/adc0.o
 .debug_info    0x0000000000002f05      0x6fa build/default/production/mcc_generated_files/nvm/src/nvm.o
 .debug_info    0x00000000000035ff      0x671 build/default/production/mcc_generated_files/system/src/clock.o
 .debug_info    0x0000000000003c70      0x32e build/default/production/mcc_generated_files/system/src/system.o
 .debug_info    0x0000000000003f9e       0x80 build/default/production/mcc_generated_files/system/src/protected_io.o
 .debug_info    0x000000000000401e     0x2473 build/default/production/mcc_generated_files/system/src/pins.o
 .debug_info    0x0000000000006491      0x3d7 build/default/production/mcc_generated_files/system/src/interrupt.o
 .debug_info    0x0000000000006868      0x7e5 build/default/production/mcc_generated_files/system/src/config_bits.o
 .debug_info    0x000000000000704d     0x12d5 build/default/production/mcc_generated_files/timer/src/tca0.o
 .debug_info    0x0000000000008322      0x91e build/default/production/mcc_generated_files/timer/src/rtc.o
 .debug_info    0x0000000000008c40      0x42e build/default/production/mcc_generated_files/timer/src/delay.o
 .debug_info    0x000000000000906e      0x2ee build/default/production/mcc_generated_files/vref/src/vref.o
 .debug_info    0x000000000000935c     0x1a17 build/default/production/main.o

.debug_abbrev   0x0000000000000000     0x3377
 *(.debug_abbrev)
 .debug_abbrev  0x0000000000000000     0x2296 C:/Program Files/Microchip/MPLABX/v6.20/packs/Microchip/ATmega_DFP/3.1.264/xc8/avr/lib/avrxmega3/crtatmega4809.o
 .debug_abbrev  0x0000000000002296      0x238 build/default/production/mcc_generated_files/adc/src/adc0.o
 .debug_abbrev  0x00000000000024ce      0x1af build/default/production/mcc_generated_files/nvm/src/nvm.o
 .debug_abbrev  0x000000000000267d      0x11d build/default/production/mcc_generated_files/system/src/clock.o
 .debug_abbrev  0x000000000000279a       0x6a build/default/production/mcc_generated_files/system/src/system.o
 .debug_abbrev  0x0000000000002804       0x14 build/default/production/mcc_generated_files/system/src/protected_io.o
 .debug_abbrev  0x0000000000002818      0x182 build/default/production/mcc_generated_files/system/src/pins.o
 .debug_abbrev  0x000000000000299a       0xfa build/default/production/mcc_generated_files/system/src/interrupt.o
 .debug_abbrev  0x0000000000002a94       0x97 build/default/production/mcc_generated_files/system/src/config_bits.o
 .debug_abbrev  0x0000000000002b2b      0x245 build/default/production/mcc_generated_files/timer/src/tca0.o
 .debug_abbrev  0x0000000000002d70      0x14c build/default/production/mcc_generated_files/timer/src/rtc.o
 .debug_abbrev  0x0000000000002ebc      0x12b build/default/production/mcc_generated_files/timer/src/delay.o
 .debug_abbrev  0x0000000000002fe7       0x7a build/default/production/mcc_generated_files/vref/src/vref.o
 .debug_abbrev  0x0000000000003061      0x316 build/default/production/main.o

.debug_line     0x0000000000000000     0x2d84
 *(.debug_line .debug_line.* .debug_line_end)
 .debug_line    0x0000000000000000      0x187 C:/Program Files/Microchip/MPLABX/v6.20/packs/Microchip/ATmega_DFP/3.1.264/xc8/avr/lib/avrxmega3/crtatmega4809.o
 .debug_line    0x0000000000000187      0x389 build/default/production/mcc_generated_files/adc/src/adc0.o
 .debug_line    0x0000000000000510      0x20e build/default/production/mcc_generated_files/nvm/src/nvm.o
 .debug_line    0x000000000000071e      0x179 build/default/production/mcc_generated_files/system/src/clock.o
 .debug_line    0x0000000000000897      0x1ac build/default/production/mcc_generated_files/system/src/system.o
 .debug_line    0x0000000000000a43       0x6d build/default/production/mcc_generated_files/system/src/protected_io.o
 .debug_line    0x0000000000000ab0      0xc5f build/default/production/mcc_generated_files/system/src/pins.o
 .debug_line    0x000000000000170f      0x197 build/default/production/mcc_generated_files/system/src/interrupt.o
 .debug_line    0x00000000000018a6       0xfe build/default/production/mcc_generated_files/system/src/config_bits.o
 .debug_line    0x00000000000019a4      0x51e build/default/production/mcc_generated_files/timer/src/tca0.o
 .debug_line    0x0000000000001ec2      0x400 build/default/production/mcc_generated_files/timer/src/rtc.o
 .debug_line    0x00000000000022c2      0x13e build/default/production/mcc_generated_files/timer/src/delay.o
 .debug_line    0x0000000000002400      0x117 build/default/production/mcc_generated_files/vref/src/vref.o
 .debug_line    0x0000000000002517      0x86d build/default/production/main.o

.debug_frame    0x0000000000000000     0x10d8
 *(.debug_frame)
 .debug_frame   0x0000000000000000      0x1d4 build/default/production/mcc_generated_files/adc/src/adc0.o
 .debug_frame   0x00000000000001d4       0x64 build/default/production/mcc_generated_files/nvm/src/nvm.o
 .debug_frame   0x0000000000000238       0x24 build/default/production/mcc_generated_files/system/src/clock.o
 .debug_frame   0x000000000000025c       0x24 build/default/production/mcc_generated_files/system/src/system.o
 .debug_frame   0x0000000000000280      0x748 build/default/production/mcc_generated_files/system/src/pins.o
 .debug_frame   0x00000000000009c8       0x24 build/default/production/mcc_generated_files/system/src/interrupt.o
 .debug_frame   0x00000000000009ec      0x29c build/default/production/mcc_generated_files/timer/src/tca0.o
 .debug_frame   0x0000000000000c88      0x204 build/default/production/mcc_generated_files/timer/src/rtc.o
 .debug_frame   0x0000000000000e8c       0x34 build/default/production/mcc_generated_files/timer/src/delay.o
 .debug_frame   0x0000000000000ec0       0x24 build/default/production/mcc_generated_files/vref/src/vref.o
 .debug_frame   0x0000000000000ee4      0x1f4 build/default/production/main.o

.debug_str      0x0000000000000000     0x1247
 *(.debug_str)
 .debug_str     0x0000000000000000      0xf85 C:/Program Files/Microchip/MPLABX/v6.20/packs/Microchip/ATmega_DFP/3.1.264/xc8/avr/lib/avrxmega3/crtatmega4809.o
 .debug_str     0x0000000000000f85        0x8 build/default/production/mcc_generated_files/adc/src/adc0.o
 .debug_str     0x0000000000000f8d       0x13 build/default/production/mcc_generated_files/nvm/src/nvm.o
 .debug_str     0x0000000000000fa0       0x13 build/default/production/mcc_generated_files/system/src/clock.o
 .debug_str     0x0000000000000fb3       0x88 build/default/production/mcc_generated_files/system/src/system.o
 .debug_str     0x000000000000103b       0x25 build/default/production/mcc_generated_files/system/src/pins.o
 .debug_str     0x0000000000001060       0x13 build/default/production/mcc_generated_files/system/src/interrupt.o
 .debug_str     0x0000000000001073        0x0 build/default/production/mcc_generated_files/system/src/config_bits.o
 .debug_str     0x0000000000001073       0x58 build/default/production/mcc_generated_files/timer/src/tca0.o
 .debug_str     0x00000000000010cb        0x9 build/default/production/mcc_generated_files/timer/src/rtc.o
 .debug_str     0x00000000000010d4       0x26 build/default/production/mcc_generated_files/timer/src/delay.o
 .debug_str     0x00000000000010fa        0x0 build/default/production/mcc_generated_files/vref/src/vref.o
 .debug_str     0x00000000000010fa      0x14d build/default/production/main.o

.debug_loc      0x0000000000000000      0xabd
 *(.debug_loc)
 .debug_loc     0x0000000000000000       0xa2 build/default/production/mcc_generated_files/adc/src/adc0.o
 .debug_loc     0x00000000000000a2       0xc1 build/default/production/mcc_generated_files/nvm/src/nvm.o
 .debug_loc     0x0000000000000163      0x11f build/default/production/mcc_generated_files/system/src/clock.o
 .debug_loc     0x0000000000000282       0x2a build/default/production/mcc_generated_files/system/src/interrupt.o
 .debug_loc     0x00000000000002ac       0x34 build/default/production/mcc_generated_files/timer/src/tca0.o
 .debug_loc     0x00000000000002e0      0x15d build/default/production/mcc_generated_files/timer/src/delay.o
 .debug_loc     0x000000000000043d      0x680 build/default/production/main.o

.debug_macinfo
 *(.debug_macinfo)

.debug_weaknames
 *(.debug_weaknames)

.debug_funcnames
 *(.debug_funcnames)

.debug_typenames
 *(.debug_typenames)

.debug_varnames
 *(.debug_varnames)

.debug_pubtypes
 *(.debug_pubtypes)

.debug_ranges   0x0000000000000000      0x670
 *(.debug_ranges)
 .debug_ranges  0x0000000000000000       0xa0 build/default/production/mcc_generated_files/adc/src/adc0.o
 .debug_ranges  0x00000000000000a0       0x30 build/default/production/mcc_generated_files/nvm/src/nvm.o
 .debug_ranges  0x00000000000000d0       0x10 build/default/production/mcc_generated_files/system/src/clock.o
 .debug_ranges  0x00000000000000e0       0x10 build/default/production/mcc_generated_files/system/src/system.o
 .debug_ranges  0x00000000000000f0      0x2c0 build/default/production/mcc_generated_files/system/src/pins.o
 .debug_ranges  0x00000000000003b0       0x10 build/default/production/mcc_generated_files/system/src/interrupt.o
 .debug_ranges  0x00000000000003c0      0x128 build/default/production/mcc_generated_files/timer/src/tca0.o
 .debug_ranges  0x00000000000004e8       0xb8 build/default/production/mcc_generated_files/timer/src/rtc.o
 .debug_ranges  0x00000000000005a0       0x18 build/default/production/mcc_generated_files/timer/src/delay.o
 .debug_ranges  0x00000000000005b8       0x10 build/default/production/mcc_generated_files/vref/src/vref.o
 .debug_ranges  0x00000000000005c8       0xa8 build/default/production/main.o

.debug_macro
 *(.debug_macro)
OUTPUT(dist/default/production/soldering_station_firmware.production.elf elf32-avr)
LOAD linker stubs
LOAD data_init

.note.gnu.avr.deviceinfo
                0x0000000000000000       0x40
 .note.gnu.avr.deviceinfo
                0x0000000000000000       0x40 C:/Program Files/Microchip/MPLABX/v6.20/packs/Microchip/ATmega_DFP/3.1.264/xc8/avr/lib/avrxmega3/crtatmega4809.o

.bss.ADC0_resrdy_cb
                0x00000000008031b0        0x2
 .bss.ADC0_resrdy_cb
                0x00000000008031b0        0x2 build/default/production/mcc_generated_files/adc/src/adc0.o
                0x00000000008031b0                ADC0_resrdy_cb

.bss.ADC0_window_cb
                0x00000000008031b2        0x2
 .bss.ADC0_window_cb
                0x00000000008031b2        0x2 build/default/production/mcc_generated_files/adc/src/adc0.o
                0x00000000008031b2                ADC0_window_cb

.bss.DISP_CLK_InterruptHandler
                0x00000000008031b4        0x2
 .bss.DISP_CLK_InterruptHandler
                0x00000000008031b4        0x2 build/default/production/mcc_generated_files/system/src/pins.o

.bss.DISP_DATA_InterruptHandler
                0x00000000008031b6        0x2
 .bss.DISP_DATA_InterruptHandler
                0x00000000008031b6        0x2 build/default/production/mcc_generated_files/system/src/pins.o

.bss.IO_PF5_InterruptHandler
                0x00000000008031b8        0x2
 .bss.IO_PF5_InterruptHandler
                0x00000000008031b8        0x2 build/default/production/mcc_generated_files/system/src/pins.o

.bss.IO_PF4_InterruptHandler
                0x00000000008031ba        0x2
 .bss.IO_PF4_InterruptHandler
                0x00000000008031ba        0x2 build/default/production/mcc_generated_files/system/src/pins.o

.bss.IO_PF3_InterruptHandler
                0x00000000008031bc        0x2
 .bss.IO_PF3_InterruptHandler
                0x00000000008031bc        0x2 build/default/production/mcc_generated_files/system/src/pins.o

.bss.IO_PF2_InterruptHandler
                0x00000000008031be        0x2
 .bss.IO_PF2_InterruptHandler
                0x00000000008031be        0x2 build/default/production/mcc_generated_files/system/src/pins.o

.bss.IO_PF1_InterruptHandler
                0x00000000008031c0        0x2
 .bss.IO_PF1_InterruptHandler
                0x00000000008031c0        0x2 build/default/production/mcc_generated_files/system/src/pins.o

.bss.IO_PF0_InterruptHandler
                0x00000000008031c2        0x2
 .bss.IO_PF0_InterruptHandler
                0x00000000008031c2        0x2 build/default/production/mcc_generated_files/system/src/pins.o

.bss.IO_PE3_InterruptHandler
                0x00000000008031c4        0x2
 .bss.IO_PE3_InterruptHandler
                0x00000000008031c4        0x2 build/default/production/mcc_generated_files/system/src/pins.o

.bss.IO_PE2_InterruptHandler
                0x00000000008031c6        0x2
 .bss.IO_PE2_InterruptHandler
                0x00000000008031c6        0x2 build/default/production/mcc_generated_files/system/src/pins.o

.bss.IO_PE1_InterruptHandler
                0x00000000008031c8        0x2
 .bss.IO_PE1_InterruptHandler
                0x00000000008031c8        0x2 build/default/production/mcc_generated_files/system/src/pins.o

.bss.IO_PE0_InterruptHandler
                0x00000000008031ca        0x2
 .bss.IO_PE0_InterruptHandler
                0x00000000008031ca        0x2 build/default/production/mcc_generated_files/system/src/pins.o

.bss.IO_PD7_InterruptHandler
                0x00000000008031cc        0x2
 .bss.IO_PD7_InterruptHandler
                0x00000000008031cc        0x2 build/default/production/mcc_generated_files/system/src/pins.o

.bss.IO_PD6_InterruptHandler
                0x00000000008031ce        0x2
 .bss.IO_PD6_InterruptHandler
                0x00000000008031ce        0x2 build/default/production/mcc_generated_files/system/src/pins.o

.bss.IO_PD5_InterruptHandler
                0x00000000008031d0        0x2
 .bss.IO_PD5_InterruptHandler
                0x00000000008031d0        0x2 build/default/production/mcc_generated_files/system/src/pins.o

.bss.IO_PD4_InterruptHandler
                0x00000000008031d2        0x2
 .bss.IO_PD4_InterruptHandler
                0x00000000008031d2        0x2 build/default/production/mcc_generated_files/system/src/pins.o

.bss.IO_PD3_InterruptHandler
                0x00000000008031d4        0x2
 .bss.IO_PD3_InterruptHandler
                0x00000000008031d4        0x2 build/default/production/mcc_generated_files/system/src/pins.o

.bss.VIN_TEST_InterruptHandler
                0x00000000008031d6        0x2
 .bss.VIN_TEST_InterruptHandler
                0x00000000008031d6        0x2 build/default/production/mcc_generated_files/system/src/pins.o

.bss.IO_PC7_InterruptHandler
                0x00000000008031d8        0x2
 .bss.IO_PC7_InterruptHandler
                0x00000000008031d8        0x2 build/default/production/mcc_generated_files/system/src/pins.o

.bss.IO_PC6_InterruptHandler
                0x00000000008031da        0x2
 .bss.IO_PC6_InterruptHandler
                0x00000000008031da        0x2 build/default/production/mcc_generated_files/system/src/pins.o

.bss.IO_PC5_InterruptHandler
                0x00000000008031dc        0x2
 .bss.IO_PC5_InterruptHandler
                0x00000000008031dc        0x2 build/default/production/mcc_generated_files/system/src/pins.o

.bss.IO_PC4_InterruptHandler
                0x00000000008031de        0x2
 .bss.IO_PC4_InterruptHandler
                0x00000000008031de        0x2 build/default/production/mcc_generated_files/system/src/pins.o

.bss.IO_PC3_InterruptHandler
                0x00000000008031e0        0x2
 .bss.IO_PC3_InterruptHandler
                0x00000000008031e0        0x2 build/default/production/mcc_generated_files/system/src/pins.o

.bss.IO_PC2_InterruptHandler
                0x00000000008031e2        0x2
 .bss.IO_PC2_InterruptHandler
                0x00000000008031e2        0x2 build/default/production/mcc_generated_files/system/src/pins.o

.bss.IO_PC1_InterruptHandler
                0x00000000008031e4        0x2
 .bss.IO_PC1_InterruptHandler
                0x00000000008031e4        0x2 build/default/production/mcc_generated_files/system/src/pins.o

.bss.IO_PB5_InterruptHandler
                0x00000000008031e6        0x2
 .bss.IO_PB5_InterruptHandler
                0x00000000008031e6        0x2 build/default/production/mcc_generated_files/system/src/pins.o

.bss.IO_PB4_InterruptHandler
                0x00000000008031e8        0x2
 .bss.IO_PB4_InterruptHandler
                0x00000000008031e8        0x2 build/default/production/mcc_generated_files/system/src/pins.o

.bss.IO_PB3_InterruptHandler
                0x00000000008031ea        0x2
 .bss.IO_PB3_InterruptHandler
                0x00000000008031ea        0x2 build/default/production/mcc_generated_files/system/src/pins.o

.bss.IO_PB2_InterruptHandler
                0x00000000008031ec        0x2
 .bss.IO_PB2_InterruptHandler
                0x00000000008031ec        0x2 build/default/production/mcc_generated_files/system/src/pins.o

.bss.IO_PB1_InterruptHandler
                0x00000000008031ee        0x2
 .bss.IO_PB1_InterruptHandler
                0x00000000008031ee        0x2 build/default/production/mcc_generated_files/system/src/pins.o

.bss.IO_PB0_InterruptHandler
                0x00000000008031f0        0x2
 .bss.IO_PB0_InterruptHandler
                0x00000000008031f0        0x2 build/default/production/mcc_generated_files/system/src/pins.o

.bss.IO_PA7_InterruptHandler
                0x00000000008031f2        0x2
 .bss.IO_PA7_InterruptHandler
                0x00000000008031f2        0x2 build/default/production/mcc_generated_files/system/src/pins.o

.bss.ENC2_InterruptHandler
                0x00000000008031f4        0x2
 .bss.ENC2_InterruptHandler
                0x00000000008031f4        0x2 build/default/production/mcc_generated_files/system/src/pins.o

.bss.ENC1_InterruptHandler
                0x00000000008031f6        0x2
 .bss.ENC1_InterruptHandler
                0x00000000008031f6        0x2 build/default/production/mcc_generated_files/system/src/pins.o

.bss.ENCB_InterruptHandler
                0x00000000008031f8        0x2
 .bss.ENCB_InterruptHandler
                0x00000000008031f8        0x2 build/default/production/mcc_generated_files/system/src/pins.o

.bss.IO_PA1_InterruptHandler
                0x00000000008031fa        0x2
 .bss.IO_PA1_InterruptHandler
                0x00000000008031fa        0x2 build/default/production/mcc_generated_files/system/src/pins.o

.bss.IO_PA0_InterruptHandler
                0x00000000008031fc        0x2
 .bss.IO_PA0_InterruptHandler
                0x00000000008031fc        0x2 build/default/production/mcc_generated_files/system/src/pins.o

.bss.CTRL_OUT_InterruptHandler
                0x00000000008031fe        0x2
 .bss.CTRL_OUT_InterruptHandler
                0x00000000008031fe        0x2 build/default/production/mcc_generated_files/system/src/pins.o

.bss.TEMP_IN1_InterruptHandler
                0x0000000000803200        0x2
 .bss.TEMP_IN1_InterruptHandler
                0x0000000000803200        0x2 build/default/production/mcc_generated_files/system/src/pins.o

.bss.TEMP_IN0_InterruptHandler
                0x0000000000803202        0x2
 .bss.TEMP_IN0_InterruptHandler
                0x0000000000803202        0x2 build/default/production/mcc_generated_files/system/src/pins.o

.bss.RTC_PIT_isr_cb
                0x0000000000803206        0x2
 .bss.RTC_PIT_isr_cb
                0x0000000000803206        0x2 build/default/production/mcc_generated_files/timer/src/rtc.o
                0x0000000000803206                RTC_PIT_isr_cb

.bss.RTC_CMP_isr_cb
                0x0000000000803208        0x2
 .bss.RTC_CMP_isr_cb
                0x0000000000803208        0x2 build/default/production/mcc_generated_files/timer/src/rtc.o
                0x0000000000803208                RTC_CMP_isr_cb

.bss.RTC_OVF_isr_cb
                0x000000000080320a        0x2
 .bss.RTC_OVF_isr_cb
                0x000000000080320a        0x2 build/default/production/mcc_generated_files/timer/src/rtc.o
                0x000000000080320a                RTC_OVF_isr_cb

.bss.displayUpdate
                0x000000000080320c        0x2
 .bss.displayUpdate
                0x000000000080320c        0x2 build/default/production/main.o
                0x000000000080320c                displayUpdate

.bss.displayFor
                0x000000000080320e        0x2
 .bss.displayFor
                0x000000000080320e        0x2 build/default/production/main.o
                0x000000000080320e                displayFor

.bss.ENCB_LastState
                0x000000000080321a        0x1
 .bss.ENCB_LastState
                0x000000000080321a        0x1 build/default/production/main.o
                0x000000000080321a                ENCB_LastState

.bss.pwmState   0x0000000000803212        0x2
 .bss.pwmState  0x0000000000803212        0x2 build/default/production/main.o
                0x0000000000803212                pwmState

.bss.buffer     0x00000000008031a8        0x4
 .bss.buffer    0x00000000008031a8        0x4 build/default/production/main.o
                0x00000000008031a8                buffer

.bss.temperatureSetpoint
                0x0000000000803214        0x2
 .bss.temperatureSetpoint
                0x0000000000803214        0x2 build/default/production/main.o
                0x0000000000803214                temperatureSetpoint

.bss.currentTemperature
                0x0000000000803216        0x2
 .bss.currentTemperature
                0x0000000000803216        0x2 build/default/production/main.o
                0x0000000000803216                currentTemperature

.bss.encoderDelta
                0x00000000008031ac        0x4
 .bss.encoderDelta
                0x00000000008031ac        0x4 build/default/production/main.o
                0x00000000008031ac                encoderDelta

.text.main      0x000000000000012c      0x460
 .text.main     0x000000000000012c      0x460 build/default/production/main.o
                0x000000000000012c                main

.text.PIN_MANAGER_Initialize
                0x000000000000058c      0x2d4
 .text.PIN_MANAGER_Initialize
                0x000000000000058c      0x2d4 build/default/production/mcc_generated_files/system/src/pins.o
                0x000000000000058c                PIN_MANAGER_Initialize

.text           0x0000000000000860       0xde
 .text          0x0000000000000860       0xde c:/program files/microchip/xc8/v2.46/avr/bin/../lib/gcc/avr/5.4.0/../../../../avr/lib/avrxmega3\libm.a(divsf3x.o)
                0x0000000000000860                __divsf3x
                0x0000000000000888                __divsf3_pse

.text.rawTemperatureToC
                0x000000000000093e       0xda
 .text.rawTemperatureToC
                0x000000000000093e       0xda build/default/production/main.o
                0x000000000000093e                rawTemperatureToC

.text           0x0000000000000a18       0xd4
 .text          0x0000000000000a18       0xd4 c:/program files/microchip/xc8/v2.46/avr/bin/../lib/gcc/avr/5.4.0/../../../../avr/lib/avrxmega3\libm.a(mulsf3x.o)
                0x0000000000000a18                __mulsf3x
                0x0000000000000a3e                __mulsf3_pse

.text           0x0000000000000aec       0xce
 .text          0x0000000000000aec       0xce c:/program files/microchip/xc8/v2.46/avr/bin/../lib/gcc/avr/5.4.0/../../../../avr/lib/avrxmega3\libm.a(addsf3x.o)
                0x0000000000000aec                __addsf3x

.text.setDisplay
                0x0000000000000bba       0xc2
 .text.setDisplay
                0x0000000000000bba       0xc2 build/default/production/main.o
                0x0000000000000bba                setDisplay

.text.__vector_6
                0x0000000000000c7c       0xb8
 .text.__vector_6
                0x0000000000000c7c       0xb8 build/default/production/mcc_generated_files/system/src/pins.o
                0x0000000000000c7c                __vector_6

.text.__vector_24
                0x0000000000000d34       0xb8
 .text.__vector_24
                0x0000000000000d34       0xb8 build/default/production/mcc_generated_files/system/src/pins.o
                0x0000000000000d34                __vector_24

.text.__vector_20
                0x0000000000000dec       0xb8
 .text.__vector_20
                0x0000000000000dec       0xb8 build/default/production/mcc_generated_files/system/src/pins.o
                0x0000000000000dec                __vector_20

.text.__vector_34
                0x0000000000000ea4       0x9c
 .text.__vector_34
                0x0000000000000ea4       0x9c build/default/production/mcc_generated_files/system/src/pins.o
                0x0000000000000ea4                __vector_34

.text.__vector_29
                0x0000000000000f40       0x9c
 .text.__vector_29
                0x0000000000000f40       0x9c build/default/production/mcc_generated_files/system/src/pins.o
                0x0000000000000f40                __vector_29

.text.__vector_3
                0x0000000000000fdc       0x86
 .text.__vector_3
                0x0000000000000fdc       0x86 build/default/production/mcc_generated_files/timer/src/rtc.o
                0x0000000000000fdc                __vector_3

.text.__vector_35
                0x0000000000001062       0x80
 .text.__vector_35
                0x0000000000001062       0x80 build/default/production/mcc_generated_files/system/src/pins.o
                0x0000000000001062                __vector_35

.rodata.ascii   0x00000000008050e2       0x80 load address 0x00000000000010e2
 .rodata.ascii  0x00000000008050e2       0x80 build/default/production/main.o
                0x00000000008050e2                ascii

.text           0x0000000000001162       0x7a
 .text          0x0000000000001162       0x7a c:/program files/microchip/xc8/v2.46/avr/bin/../lib/gcc/avr/5.4.0/../../../../avr/lib/avrxmega3\libm.a(floatsisf.o)
                0x0000000000001162                __floatunsisf
                0x0000000000001166                __floatsisf

.text.writeDisplay
                0x00000000000011dc       0x76
 .text.writeDisplay
                0x00000000000011dc       0x76 build/default/production/main.o
                0x00000000000011dc                writeDisplay

.text.updateDisplay
                0x0000000000001252       0x72
 .text.updateDisplay
                0x0000000000001252       0x72 build/default/production/main.o
                0x0000000000001252                updateDisplay

.text.getDieTemperature
                0x00000000000012c4       0x6c
 .text.getDieTemperature
                0x00000000000012c4       0x6c build/default/production/main.o
                0x00000000000012c4                getDieTemperature

.text.__vector_23
                0x0000000000001330       0x58
 .text.__vector_23
                0x0000000000001330       0x58 build/default/production/mcc_generated_files/adc/src/adc0.o
                0x0000000000001330                __vector_23

.text.__vector_22
                0x0000000000001388       0x58
 .text.__vector_22
                0x0000000000001388       0x58 build/default/production/mcc_generated_files/adc/src/adc0.o
                0x0000000000001388                __vector_22

.text.__vector_9
                0x00000000000013e0       0x58
 .text.__vector_9
                0x00000000000013e0       0x58 build/default/production/mcc_generated_files/timer/src/tca0.o
                0x00000000000013e0                __vector_9

.text.__vector_4
                0x0000000000001438       0x58
 .text.__vector_4
                0x0000000000001438       0x58 build/default/production/mcc_generated_files/timer/src/rtc.o
                0x0000000000001438                __vector_4

.text.CLOCK_Initialize
                0x0000000000001490       0x56
 .text.CLOCK_Initialize
                0x0000000000001490       0x56 build/default/production/mcc_generated_files/system/src/clock.o
                0x0000000000001490                CLOCK_Initialize

.text.ENC_InterruptHandler
                0x00000000000014e6       0x54
 .text.ENC_InterruptHandler
                0x00000000000014e6       0x54 build/default/production/main.o
                0x00000000000014e6                ENC_InterruptHandler

.text.saveTemp  0x000000000000153a       0x54
 .text.saveTemp
                0x000000000000153a       0x54 build/default/production/main.o
                0x000000000000153a                saveTemp

.text.ackDisplay
                0x000000000000158e       0x48
 .text.ackDisplay
                0x000000000000158e       0x48 build/default/production/main.o
                0x000000000000158e                ackDisplay

.text           0x00000000000015d6       0x48
 .text          0x00000000000015d6       0x48 c:/program files/microchip/xc8/v2.46/avr/bin/../lib/gcc/avr/5.4.0/../../../../avr/lib/avrxmega3\libm.a(fp_cmp.o)
                0x00000000000015d6                __fp_cmp

.text           0x000000000000161e       0x44
 .text          0x000000000000161e       0x44 c:/program files/microchip/xc8/v2.46/avr/bin/../lib/gcc/avr/5.4.0/../../../../avr/lib/avrxmega3\libm.a(fp_split3.o)
                0x000000000000161e                __fp_split3
                0x000000000000162e                __fp_splitA

.text.libgcc.div
                0x0000000000001662       0x44
 .text.libgcc.div
                0x0000000000001662       0x44 c:/program files/microchip/xc8/v2.46/avr/bin/../lib/gcc/avr/5.4.0/avrxmega3\libgcc.a(_udivmodsi4.o)
                0x0000000000001662                __udivmodsi4

.text.RTC_Initialize
                0x00000000000016a6       0x40
 .text.RTC_Initialize
                0x00000000000016a6       0x40 build/default/production/mcc_generated_files/timer/src/rtc.o
                0x00000000000016a6                RTC_Initialize

.text.TCA0_Initialize
                0x00000000000016e6       0x3e
 .text.TCA0_Initialize
                0x00000000000016e6       0x3e build/default/production/mcc_generated_files/timer/src/tca0.o
                0x00000000000016e6                TCA0_Initialize

.text.stopDisplay
                0x0000000000001724       0x3e
 .text.stopDisplay
                0x0000000000001724       0x3e build/default/production/main.o
                0x0000000000001724                stopDisplay

.text.ADC0_Initialize
                0x0000000000001762       0x2e
 .text.ADC0_Initialize
                0x0000000000001762       0x2e build/default/production/mcc_generated_files/adc/src/adc0.o
                0x0000000000001762                ADC0_Initialize

.text.libgcc.div
                0x0000000000001790       0x2e
 .text.libgcc.div
                0x0000000000001790       0x2e c:/program files/microchip/xc8/v2.46/avr/bin/../lib/gcc/avr/5.4.0/avrxmega3\libgcc.a(_divmodsi4.o)
                0x0000000000001790                __divmodsi4

.text.DELAY_microseconds
                0x00000000000017be       0x2c
 .text.DELAY_microseconds
                0x00000000000017be       0x2c build/default/production/mcc_generated_files/timer/src/delay.o
                0x00000000000017be                DELAY_microseconds

.text.loadTemp  0x00000000000017ea       0x28
 .text.loadTemp
                0x00000000000017ea       0x28 build/default/production/main.o
                0x00000000000017ea                loadTemp

.text.SYSTEM_Initialize
                0x0000000000001812       0x22
 .text.SYSTEM_Initialize
                0x0000000000001812       0x22 build/default/production/mcc_generated_files/system/src/system.o
                0x0000000000001812                SYSTEM_Initialize

.text           0x0000000000001834       0x22
 .text          0x0000000000001834       0x22 c:/program files/microchip/xc8/v2.46/avr/bin/../lib/gcc/avr/5.4.0/../../../../avr/lib/avrxmega3\libm.a(fp_round.o)
                0x0000000000001834                __fp_round

.text.libgcc.mul
                0x0000000000001856       0x20
 .text.libgcc.mul
                0x0000000000001856       0x20 c:/program files/microchip/xc8/v2.46/avr/bin/../lib/gcc/avr/5.4.0/avrxmega3\libgcc.a(_mulsi3.o)
                0x0000000000001856                __mulsi3

.text.RTC_PITHandler
                0x0000000000001876       0x1e
 .text.RTC_PITHandler
                0x0000000000001876       0x1e build/default/production/main.o
                0x0000000000001876                RTC_PITHandler

.text.startDisplay
                0x0000000000001894       0x1e
 .text.startDisplay
                0x0000000000001894       0x1e build/default/production/main.o
                0x0000000000001894                startDisplay

.rodata         0x00000000008058b2       0x1e load address 0x00000000000018b2
 .rodata        0x00000000008058b2       0x1e build/default/production/main.o

.text.libgcc.mul
                0x00000000000018d0       0x1e
 .text.libgcc.mul
                0x00000000000018d0       0x1e c:/program files/microchip/xc8/v2.46/avr/bin/../lib/gcc/avr/5.4.0/avrxmega3\libgcc.a(_umulhisi3.o)
                0x00000000000018d0                __umulhisi3

.text.CPUINT_Initialize
                0x00000000000018ee       0x1a
 .text.CPUINT_Initialize
                0x00000000000018ee       0x1a build/default/production/mcc_generated_files/system/src/interrupt.o
                0x00000000000018ee                CPUINT_Initialize

.text.libgcc.mul
                0x0000000000001908       0x16
 .text.libgcc.mul
                0x0000000000001908       0x16 c:/program files/microchip/xc8/v2.46/avr/bin/../lib/gcc/avr/5.4.0/avrxmega3\libgcc.a(_muluhisi3.o)
                0x0000000000001908                __muluhisi3

.text.exit      0x000000000000191e       0x16
 .text.exit     0x000000000000191e       0x16 c:/program files/microchip/xc8/v2.46/avr/bin/../lib/gcc/avr/5.4.0/../../../../avr/lib/avrxmega3\libc.a(exit.o)
                0x000000000000191e                exit

.text.DELAY_milliseconds
                0x0000000000001934       0x14
 .text.DELAY_milliseconds
                0x0000000000001934       0x14 build/default/production/mcc_generated_files/timer/src/delay.o
                0x0000000000001934                DELAY_milliseconds

.text.EEPROM_Write
                0x0000000000001948       0x12
 .text.EEPROM_Write
                0x0000000000001948       0x12 build/default/production/mcc_generated_files/nvm/src/nvm.o
                0x0000000000001948                EEPROM_Write

.text.libgcc.div
                0x000000000000195a       0x10
 .text.libgcc.div
                0x000000000000195a       0x10 c:/program files/microchip/xc8/v2.46/avr/bin/../lib/gcc/avr/5.4.0/avrxmega3\libgcc.a(_negsi2.o)
                0x000000000000195a                __negsi2

.text           0x000000000000196a        0xe
 .text          0x000000000000196a        0xe c:/program files/microchip/xc8/v2.46/avr/bin/../lib/gcc/avr/5.4.0/../../../../avr/lib/avrxmega3\libm.a(addsf3.o)
                0x000000000000196a                __subsf3
                0x000000000000196c                __addsf3

.text           0x0000000000001978        0xe
 .text          0x0000000000001978        0xe c:/program files/microchip/xc8/v2.46/avr/bin/../lib/gcc/avr/5.4.0/../../../../avr/lib/avrxmega3\libm.a(fp_pscA.o)
                0x0000000000001978                __fp_pscA

.text           0x0000000000001986        0xe
 .text          0x0000000000001986        0xe c:/program files/microchip/xc8/v2.46/avr/bin/../lib/gcc/avr/5.4.0/../../../../avr/lib/avrxmega3\libm.a(fp_pscB.o)
                0x0000000000001986                __fp_pscB

.text           0x0000000000001994        0xe
 .text          0x0000000000001994        0xe c:/program files/microchip/xc8/v2.46/avr/bin/../lib/gcc/avr/5.4.0/../../../../avr/lib/avrxmega3\libm.a(fp_zero.o)
                0x0000000000001994                __fp_zero
                0x0000000000001996                __fp_szero

.text.ADC0_StartConversion
                0x00000000000019a2        0xc
 .text.ADC0_StartConversion
                0x00000000000019a2        0xc build/default/production/mcc_generated_files/adc/src/adc0.o
                0x00000000000019a2                ADC0_StartConversion

.text.RTC_DisablePITInterrupt
                0x00000000000019ae        0xc
 .text.RTC_DisablePITInterrupt
                0x00000000000019ae        0xc build/default/production/mcc_generated_files/timer/src/rtc.o
                0x00000000000019ae                RTC_DisablePITInterrupt

.text.VREF_Initialize
                0x00000000000019ba        0xc
 .text.VREF_Initialize
                0x00000000000019ba        0xc build/default/production/mcc_generated_files/vref/src/vref.o
                0x00000000000019ba                VREF_Initialize

.text           0x00000000000019c6        0xc
 .text          0x00000000000019c6        0xc c:/program files/microchip/xc8/v2.46/avr/bin/../lib/gcc/avr/5.4.0/../../../../avr/lib/avrxmega3\libm.a(fp_inf.o)
                0x00000000000019c6                __fp_inf

.text.ADC0_GetConversionResult
                0x00000000000019d2        0xa
 .text.ADC0_GetConversionResult
                0x00000000000019d2        0xa build/default/production/mcc_generated_files/adc/src/adc0.o
                0x00000000000019d2                ADC0_GetConversionResult

.text.EEPROM_IsBusy
                0x00000000000019dc        0xa
 .text.EEPROM_IsBusy
                0x00000000000019dc        0xa build/default/production/mcc_generated_files/nvm/src/nvm.o
                0x00000000000019dc                EEPROM_IsBusy

.text.ENC1_SetInterruptHandler
                0x00000000000019e6        0xa
 .text.ENC1_SetInterruptHandler
                0x00000000000019e6        0xa build/default/production/mcc_generated_files/system/src/pins.o
                0x00000000000019e6                ENC1_SetInterruptHandler

.text.TCA0_Write
                0x00000000000019f0        0xa
 .text.TCA0_Write
                0x00000000000019f0        0xa build/default/production/mcc_generated_files/timer/src/tca0.o
                0x00000000000019f0                TCA0_Write

.text.TCA0_WaveformFreqRegCountSet
                0x00000000000019fa        0xa
 .text.TCA0_WaveformFreqRegCountSet
                0x00000000000019fa        0xa build/default/production/mcc_generated_files/timer/src/tca0.o
                0x00000000000019fa                TCA0_WaveformFreqRegCountSet

.text.RTC_SetPITIsrCallback
                0x0000000000001a04        0xa
 .text.RTC_SetPITIsrCallback
                0x0000000000001a04        0xa build/default/production/mcc_generated_files/timer/src/rtc.o
                0x0000000000001a04                RTC_SetPITIsrCallback

.text           0x0000000000001a0e        0xa
 .text          0x0000000000001a0e        0xa c:/program files/microchip/xc8/v2.46/avr/bin/../lib/gcc/avr/5.4.0/../../../../avr/lib/avrxmega3\libm.a(gesf2.o)
                0x0000000000001a0e                __gesf2
                0x0000000000001a0e                __gtsf2

.text.ADC0_IsConversionDone
                0x0000000000001a18        0x8
 .text.ADC0_IsConversionDone
                0x0000000000001a18        0x8 build/default/production/mcc_generated_files/adc/src/adc0.o
                0x0000000000001a18                ADC0_IsConversionDone

.text.protected_write_io
                0x0000000000001a20        0x8
 .text.protected_write_io
                0x0000000000001a20        0x8 build/default/production/mcc_generated_files/system/src/protected_io.o
                0x0000000000001a20                protected_write_io

.text           0x0000000000001a28        0x8
 .text          0x0000000000001a28        0x8 c:/program files/microchip/xc8/v2.46/avr/bin/../lib/gcc/avr/5.4.0/../../../../avr/lib/avrxmega3\libm.a(divsf3.o)
                0x0000000000001a28                __divsf3

.text           0x0000000000001a30        0x8
 .text          0x0000000000001a30        0x8 c:/program files/microchip/xc8/v2.46/avr/bin/../lib/gcc/avr/5.4.0/../../../../avr/lib/avrxmega3\libm.a(mulsf3.o)
                0x0000000000001a30                __mulsf3

.text.EEPROM_Read
                0x0000000000001a38        0x6
 .text.EEPROM_Read
                0x0000000000001a38        0x6 build/default/production/mcc_generated_files/nvm/src/nvm.o
                0x0000000000001a38                EEPROM_Read

.text           0x0000000000001a3e        0x6
 .text          0x0000000000001a3e        0x6 c:/program files/microchip/xc8/v2.46/avr/bin/../lib/gcc/avr/5.4.0/../../../../avr/lib/avrxmega3\libm.a(fp_nan.o)
                0x0000000000001a3e                __fp_nan

.text           0x0000000000001a44        0x4
 .text          0x0000000000001a44        0x4 C:/Program Files/Microchip/MPLABX/v6.20/packs/Microchip/ATmega_DFP/3.1.264/xc8/avr/lib/avrxmega3/crtatmega4809.o
                0x0000000000001a44                __vector_38
                0x0000000000001a44                __vector_28
                0x0000000000001a44                __vector_1
                0x0000000000001a44                __vector_32
                0x0000000000001a44                __vector_12
                0x0000000000001a44                __bad_interrupt
                0x0000000000001a44                __vector_31
                0x0000000000001a44                __vector_39
                0x0000000000001a44                __vector_30
                0x0000000000001a44                __vector_25
                0x0000000000001a44                __vector_11
                0x0000000000001a44                __vector_13
                0x0000000000001a44                __vector_17
                0x0000000000001a44                __vector_19
                0x0000000000001a44                __vector_7
                0x0000000000001a44                __vector_27
                0x0000000000001a44                __vector_5
                0x0000000000001a44                __vector_33
                0x0000000000001a44                __vector_37
                0x0000000000001a44                __vector_2
                0x0000000000001a44                __vector_21
                0x0000000000001a44                __vector_15
                0x0000000000001a44                __vector_36
                0x0000000000001a44                __vector_8
                0x0000000000001a44                __vector_26
                0x0000000000001a44                __vector_14
                0x0000000000001a44                __vector_10
                0x0000000000001a44                __vector_16
                0x0000000000001a44                __vector_18

.text._Exit     0x0000000000001a48        0x4
 .text._Exit    0x0000000000001a48        0x4 c:/program files/microchip/xc8/v2.46/avr/bin/../lib/gcc/avr/5.4.0/../../../../avr/lib/avrxmega3\libc.a(_Exit.o)
                0x0000000000001a48                _Exit

.text.NVM_Initialize
                0x0000000000001a4c        0x2
 .text.NVM_Initialize
                0x0000000000001a4c        0x2 build/default/production/mcc_generated_files/nvm/src/nvm.o
                0x0000000000001a4c                NVM_Initialize

.text.TEMP_IN0_DefaultInterruptHandler
                0x0000000000001a4e        0x2
 .text.TEMP_IN0_DefaultInterruptHandler
                0x0000000000001a4e        0x2 build/default/production/mcc_generated_files/system/src/pins.o
                0x0000000000001a4e                TEMP_IN0_DefaultInterruptHandler

.text.TEMP_IN1_DefaultInterruptHandler
                0x0000000000001a50        0x2
 .text.TEMP_IN1_DefaultInterruptHandler
                0x0000000000001a50        0x2 build/default/production/mcc_generated_files/system/src/pins.o
                0x0000000000001a50                TEMP_IN1_DefaultInterruptHandler

.text.CTRL_OUT_DefaultInterruptHandler
                0x0000000000001a52        0x2
 .text.CTRL_OUT_DefaultInterruptHandler
                0x0000000000001a52        0x2 build/default/production/mcc_generated_files/system/src/pins.o
                0x0000000000001a52                CTRL_OUT_DefaultInterruptHandler

.text.IO_PA0_DefaultInterruptHandler
                0x0000000000001a54        0x2
 .text.IO_PA0_DefaultInterruptHandler
                0x0000000000001a54        0x2 build/default/production/mcc_generated_files/system/src/pins.o
                0x0000000000001a54                IO_PA0_DefaultInterruptHandler

.text.IO_PA1_DefaultInterruptHandler
                0x0000000000001a56        0x2
 .text.IO_PA1_DefaultInterruptHandler
                0x0000000000001a56        0x2 build/default/production/mcc_generated_files/system/src/pins.o
                0x0000000000001a56                IO_PA1_DefaultInterruptHandler

.text.ENCB_DefaultInterruptHandler
                0x0000000000001a58        0x2
 .text.ENCB_DefaultInterruptHandler
                0x0000000000001a58        0x2 build/default/production/mcc_generated_files/system/src/pins.o
                0x0000000000001a58                ENCB_DefaultInterruptHandler

.text.ENC1_DefaultInterruptHandler
                0x0000000000001a5a        0x2
 .text.ENC1_DefaultInterruptHandler
                0x0000000000001a5a        0x2 build/default/production/mcc_generated_files/system/src/pins.o
                0x0000000000001a5a                ENC1_DefaultInterruptHandler

.text.ENC2_DefaultInterruptHandler
                0x0000000000001a5c        0x2
 .text.ENC2_DefaultInterruptHandler
                0x0000000000001a5c        0x2 build/default/production/mcc_generated_files/system/src/pins.o
                0x0000000000001a5c                ENC2_DefaultInterruptHandler

.text.IO_PA7_DefaultInterruptHandler
                0x0000000000001a5e        0x2
 .text.IO_PA7_DefaultInterruptHandler
                0x0000000000001a5e        0x2 build/default/production/mcc_generated_files/system/src/pins.o
                0x0000000000001a5e                IO_PA7_DefaultInterruptHandler

.text.IO_PB0_DefaultInterruptHandler
                0x0000000000001a60        0x2
 .text.IO_PB0_DefaultInterruptHandler
                0x0000000000001a60        0x2 build/default/production/mcc_generated_files/system/src/pins.o
                0x0000000000001a60                IO_PB0_DefaultInterruptHandler

.text.IO_PB1_DefaultInterruptHandler
                0x0000000000001a62        0x2
 .text.IO_PB1_DefaultInterruptHandler
                0x0000000000001a62        0x2 build/default/production/mcc_generated_files/system/src/pins.o
                0x0000000000001a62                IO_PB1_DefaultInterruptHandler

.text.IO_PB2_DefaultInterruptHandler
                0x0000000000001a64        0x2
 .text.IO_PB2_DefaultInterruptHandler
                0x0000000000001a64        0x2 build/default/production/mcc_generated_files/system/src/pins.o
                0x0000000000001a64                IO_PB2_DefaultInterruptHandler

.text.IO_PB3_DefaultInterruptHandler
                0x0000000000001a66        0x2
 .text.IO_PB3_DefaultInterruptHandler
                0x0000000000001a66        0x2 build/default/production/mcc_generated_files/system/src/pins.o
                0x0000000000001a66                IO_PB3_DefaultInterruptHandler

.text.IO_PB4_DefaultInterruptHandler
                0x0000000000001a68        0x2
 .text.IO_PB4_DefaultInterruptHandler
                0x0000000000001a68        0x2 build/default/production/mcc_generated_files/system/src/pins.o
                0x0000000000001a68                IO_PB4_DefaultInterruptHandler

.text.IO_PB5_DefaultInterruptHandler
                0x0000000000001a6a        0x2
 .text.IO_PB5_DefaultInterruptHandler
                0x0000000000001a6a        0x2 build/default/production/mcc_generated_files/system/src/pins.o
                0x0000000000001a6a                IO_PB5_DefaultInterruptHandler

.text.IO_PC1_DefaultInterruptHandler
                0x0000000000001a6c        0x2
 .text.IO_PC1_DefaultInterruptHandler
                0x0000000000001a6c        0x2 build/default/production/mcc_generated_files/system/src/pins.o
                0x0000000000001a6c                IO_PC1_DefaultInterruptHandler

.text.IO_PC2_DefaultInterruptHandler
                0x0000000000001a6e        0x2
 .text.IO_PC2_DefaultInterruptHandler
                0x0000000000001a6e        0x2 build/default/production/mcc_generated_files/system/src/pins.o
                0x0000000000001a6e                IO_PC2_DefaultInterruptHandler

.text.IO_PC3_DefaultInterruptHandler
                0x0000000000001a70        0x2
 .text.IO_PC3_DefaultInterruptHandler
                0x0000000000001a70        0x2 build/default/production/mcc_generated_files/system/src/pins.o
                0x0000000000001a70                IO_PC3_DefaultInterruptHandler

.text.IO_PC4_DefaultInterruptHandler
                0x0000000000001a72        0x2
 .text.IO_PC4_DefaultInterruptHandler
                0x0000000000001a72        0x2 build/default/production/mcc_generated_files/system/src/pins.o
                0x0000000000001a72                IO_PC4_DefaultInterruptHandler

.text.IO_PC5_DefaultInterruptHandler
                0x0000000000001a74        0x2
 .text.IO_PC5_DefaultInterruptHandler
                0x0000000000001a74        0x2 build/default/production/mcc_generated_files/system/src/pins.o
                0x0000000000001a74                IO_PC5_DefaultInterruptHandler

.text.IO_PC6_DefaultInterruptHandler
                0x0000000000001a76        0x2
 .text.IO_PC6_DefaultInterruptHandler
                0x0000000000001a76        0x2 build/default/production/mcc_generated_files/system/src/pins.o
                0x0000000000001a76                IO_PC6_DefaultInterruptHandler

.text.IO_PC7_DefaultInterruptHandler
                0x0000000000001a78        0x2
 .text.IO_PC7_DefaultInterruptHandler
                0x0000000000001a78        0x2 build/default/production/mcc_generated_files/system/src/pins.o
                0x0000000000001a78                IO_PC7_DefaultInterruptHandler

.text.VIN_TEST_DefaultInterruptHandler
                0x0000000000001a7a        0x2
 .text.VIN_TEST_DefaultInterruptHandler
                0x0000000000001a7a        0x2 build/default/production/mcc_generated_files/system/src/pins.o
                0x0000000000001a7a                VIN_TEST_DefaultInterruptHandler

.text.IO_PD3_DefaultInterruptHandler
                0x0000000000001a7c        0x2
 .text.IO_PD3_DefaultInterruptHandler
                0x0000000000001a7c        0x2 build/default/production/mcc_generated_files/system/src/pins.o
                0x0000000000001a7c                IO_PD3_DefaultInterruptHandler

.text.IO_PD4_DefaultInterruptHandler
                0x0000000000001a7e        0x2
 .text.IO_PD4_DefaultInterruptHandler
                0x0000000000001a7e        0x2 build/default/production/mcc_generated_files/system/src/pins.o
                0x0000000000001a7e                IO_PD4_DefaultInterruptHandler

.text.IO_PD5_DefaultInterruptHandler
                0x0000000000001a80        0x2
 .text.IO_PD5_DefaultInterruptHandler
                0x0000000000001a80        0x2 build/default/production/mcc_generated_files/system/src/pins.o
                0x0000000000001a80                IO_PD5_DefaultInterruptHandler

.text.IO_PD6_DefaultInterruptHandler
                0x0000000000001a82        0x2
 .text.IO_PD6_DefaultInterruptHandler
                0x0000000000001a82        0x2 build/default/production/mcc_generated_files/system/src/pins.o
                0x0000000000001a82                IO_PD6_DefaultInterruptHandler

.text.IO_PD7_DefaultInterruptHandler
                0x0000000000001a84        0x2
 .text.IO_PD7_DefaultInterruptHandler
                0x0000000000001a84        0x2 build/default/production/mcc_generated_files/system/src/pins.o
                0x0000000000001a84                IO_PD7_DefaultInterruptHandler

.text.IO_PE0_DefaultInterruptHandler
                0x0000000000001a86        0x2
 .text.IO_PE0_DefaultInterruptHandler
                0x0000000000001a86        0x2 build/default/production/mcc_generated_files/system/src/pins.o
                0x0000000000001a86                IO_PE0_DefaultInterruptHandler

.text.IO_PE1_DefaultInterruptHandler
                0x0000000000001a88        0x2
 .text.IO_PE1_DefaultInterruptHandler
                0x0000000000001a88        0x2 build/default/production/mcc_generated_files/system/src/pins.o
                0x0000000000001a88                IO_PE1_DefaultInterruptHandler

.text.IO_PE2_DefaultInterruptHandler
                0x0000000000001a8a        0x2
 .text.IO_PE2_DefaultInterruptHandler
                0x0000000000001a8a        0x2 build/default/production/mcc_generated_files/system/src/pins.o
                0x0000000000001a8a                IO_PE2_DefaultInterruptHandler

.text.IO_PE3_DefaultInterruptHandler
                0x0000000000001a8c        0x2
 .text.IO_PE3_DefaultInterruptHandler
                0x0000000000001a8c        0x2 build/default/production/mcc_generated_files/system/src/pins.o
                0x0000000000001a8c                IO_PE3_DefaultInterruptHandler

.text.IO_PF0_DefaultInterruptHandler
                0x0000000000001a8e        0x2
 .text.IO_PF0_DefaultInterruptHandler
                0x0000000000001a8e        0x2 build/default/production/mcc_generated_files/system/src/pins.o
                0x0000000000001a8e                IO_PF0_DefaultInterruptHandler

.text.IO_PF1_DefaultInterruptHandler
                0x0000000000001a90        0x2
 .text.IO_PF1_DefaultInterruptHandler
                0x0000000000001a90        0x2 build/default/production/mcc_generated_files/system/src/pins.o
                0x0000000000001a90                IO_PF1_DefaultInterruptHandler

.text.IO_PF2_DefaultInterruptHandler
                0x0000000000001a92        0x2
 .text.IO_PF2_DefaultInterruptHandler
                0x0000000000001a92        0x2 build/default/production/mcc_generated_files/system/src/pins.o
                0x0000000000001a92                IO_PF2_DefaultInterruptHandler

.text.IO_PF3_DefaultInterruptHandler
                0x0000000000001a94        0x2
 .text.IO_PF3_DefaultInterruptHandler
                0x0000000000001a94        0x2 build/default/production/mcc_generated_files/system/src/pins.o
                0x0000000000001a94                IO_PF3_DefaultInterruptHandler

.text.IO_PF4_DefaultInterruptHandler
                0x0000000000001a96        0x2
 .text.IO_PF4_DefaultInterruptHandler
                0x0000000000001a96        0x2 build/default/production/mcc_generated_files/system/src/pins.o
                0x0000000000001a96                IO_PF4_DefaultInterruptHandler

.text.IO_PF5_DefaultInterruptHandler
                0x0000000000001a98        0x2
 .text.IO_PF5_DefaultInterruptHandler
                0x0000000000001a98        0x2 build/default/production/mcc_generated_files/system/src/pins.o
                0x0000000000001a98                IO_PF5_DefaultInterruptHandler

.text.DISP_DATA_DefaultInterruptHandler
                0x0000000000001a9a        0x2
 .text.DISP_DATA_DefaultInterruptHandler
                0x0000000000001a9a        0x2 build/default/production/mcc_generated_files/system/src/pins.o
                0x0000000000001a9a                DISP_DATA_DefaultInterruptHandler

.text.DISP_CLK_DefaultInterruptHandler
                0x0000000000001a9c        0x2
 .text.DISP_CLK_DefaultInterruptHandler
                0x0000000000001a9c        0x2 build/default/production/mcc_generated_files/system/src/pins.o
                0x0000000000001a9c                DISP_CLK_DefaultInterruptHandler

.text.TCA0_DefaultCompare0CallbackRegister
                0x0000000000001a9e        0x2
 .text.TCA0_DefaultCompare0CallbackRegister
                0x0000000000001a9e        0x2 build/default/production/mcc_generated_files/timer/src/tca0.o
                0x0000000000001a9e                TCA0_DefaultCompare0CallbackRegister

.text.__dummy_fini
                0x0000000000001aa0        0x2
 .text.__dummy_fini
                0x0000000000001aa0        0x2 c:/program files/microchip/xc8/v2.46/avr/bin/../lib/gcc/avr/5.4.0/../../../../avr/lib/avrxmega3\libc.a(exit.o)
                0x0000000000001aa0                _fini

.text.__dummy_funcs_on_exit
                0x0000000000001aa2        0x2
 .text.__dummy_funcs_on_exit
                0x0000000000001aa2        0x2 c:/program files/microchip/xc8/v2.46/avr/bin/../lib/gcc/avr/5.4.0/../../../../avr/lib/avrxmega3\libc.a(exit.o)
                0x0000000000001aa2                __funcs_on_exit

.text.__dummy_simulator_exit
                0x0000000000001aa4        0x2
 .text.__dummy_simulator_exit
                0x0000000000001aa4        0x2 c:/program files/microchip/xc8/v2.46/avr/bin/../lib/gcc/avr/5.4.0/../../../../avr/lib/avrxmega3\libc.a(exit.o)
                0x0000000000001aa4                __simulator_exit

.data.tempLUT   0x0000000000802800      0x9a0 load address 0x0000000000001aa6
 .data.tempLUT  0x0000000000802800      0x9a0 build/default/production/main.o
                0x0000000000802800                tempLUT

.data.presetSetpoints
                0x00000000008031a0        0x8 load address 0x0000000000002446
 .data.presetSetpoints
                0x00000000008031a0        0x8 build/default/production/main.o
                0x00000000008031a0                presetSetpoints

.data.TCA0_CMP0_isr_cb
                0x0000000000803204        0x2 load address 0x000000000000244e
 .data.TCA0_CMP0_isr_cb
                0x0000000000803204        0x2 build/default/production/mcc_generated_files/timer/src/tca0.o
                0x0000000000803204                TCA0_CMP0_isr_cb

.data.displayWhat
                0x0000000000803210        0x2 load address 0x0000000000002450
 .data.displayWhat
                0x0000000000803210        0x2 build/default/production/main.o
                0x0000000000803210                displayWhat

.data.coldJunctionTemp
                0x0000000000803218        0x2 load address 0x0000000000002452
 .data.coldJunctionTemp
                0x0000000000803218        0x2 build/default/production/main.o
                0x0000000000803218                coldJunctionTemp

.data.presetSetpointIndex
                0x000000000080321b        0x1 load address 0x0000000000002454
 .data.presetSetpointIndex
                0x000000000080321b        0x1 build/default/production/main.o
                0x000000000080321b                presetSetpointIndex

.data.brightness
                0x000000000080321c        0x1 load address 0x0000000000002455
 .data.brightness
                0x000000000080321c        0x1 build/default/production/main.o
                0x000000000080321c                brightness

.data.direction
                0x000000000080321d        0x1 load address 0x0000000000002456
 .data.direction
                0x000000000080321d        0x1 build/default/production/main.o
                0x000000000080321d                direction
