Archive member included to satisfy reference by file (symbol)

c:/program files/microchip/xc8/v2.46/avr/bin/../lib/gcc/avr/5.4.0/../../../../avr/lib/avrxmega3\libm.a(addsf3.o)
                              build/default/production/main.o (__subsf3)
c:/program files/microchip/xc8/v2.46/avr/bin/../lib/gcc/avr/5.4.0/../../../../avr/lib/avrxmega3\libm.a(addsf3x.o)
                              c:/program files/microchip/xc8/v2.46/avr/bin/../lib/gcc/avr/5.4.0/../../../../avr/lib/avrxmega3\libm.a(addsf3.o) (__addsf3x)
c:/program files/microchip/xc8/v2.46/avr/bin/../lib/gcc/avr/5.4.0/../../../../avr/lib/avrxmega3\libm.a(divsf3.o)
                              build/default/production/main.o (__divsf3)
c:/program files/microchip/xc8/v2.46/avr/bin/../lib/gcc/avr/5.4.0/../../../../avr/lib/avrxmega3\libm.a(divsf3x.o)
                              c:/program files/microchip/xc8/v2.46/avr/bin/../lib/gcc/avr/5.4.0/../../../../avr/lib/avrxmega3\libm.a(divsf3.o) (__divsf3x)
c:/program files/microchip/xc8/v2.46/avr/bin/../lib/gcc/avr/5.4.0/../../../../avr/lib/avrxmega3\libm.a(floatsisf.o)
                              build/default/production/main.o (__floatunsisf)
c:/program files/microchip/xc8/v2.46/avr/bin/../lib/gcc/avr/5.4.0/../../../../avr/lib/avrxmega3\libm.a(fp_inf.o)
                              c:/program files/microchip/xc8/v2.46/avr/bin/../lib/gcc/avr/5.4.0/../../../../avr/lib/avrxmega3\libm.a(addsf3x.o) (__fp_inf)
c:/program files/microchip/xc8/v2.46/avr/bin/../lib/gcc/avr/5.4.0/../../../../avr/lib/avrxmega3\libm.a(fp_nan.o)
                              c:/program files/microchip/xc8/v2.46/avr/bin/../lib/gcc/avr/5.4.0/../../../../avr/lib/avrxmega3\libm.a(addsf3x.o) (__fp_nan)
c:/program files/microchip/xc8/v2.46/avr/bin/../lib/gcc/avr/5.4.0/../../../../avr/lib/avrxmega3\libm.a(fp_pscA.o)
                              c:/program files/microchip/xc8/v2.46/avr/bin/../lib/gcc/avr/5.4.0/../../../../avr/lib/avrxmega3\libm.a(addsf3x.o) (__fp_pscA)
c:/program files/microchip/xc8/v2.46/avr/bin/../lib/gcc/avr/5.4.0/../../../../avr/lib/avrxmega3\libm.a(fp_pscB.o)
                              c:/program files/microchip/xc8/v2.46/avr/bin/../lib/gcc/avr/5.4.0/../../../../avr/lib/avrxmega3\libm.a(addsf3x.o) (__fp_pscB)
c:/program files/microchip/xc8/v2.46/avr/bin/../lib/gcc/avr/5.4.0/../../../../avr/lib/avrxmega3\libm.a(fp_round.o)
                              c:/program files/microchip/xc8/v2.46/avr/bin/../lib/gcc/avr/5.4.0/../../../../avr/lib/avrxmega3\libm.a(addsf3.o) (__fp_round)
c:/program files/microchip/xc8/v2.46/avr/bin/../lib/gcc/avr/5.4.0/../../../../avr/lib/avrxmega3\libm.a(fp_split3.o)
                              c:/program files/microchip/xc8/v2.46/avr/bin/../lib/gcc/avr/5.4.0/../../../../avr/lib/avrxmega3\libm.a(addsf3x.o) (__fp_split3)
c:/program files/microchip/xc8/v2.46/avr/bin/../lib/gcc/avr/5.4.0/../../../../avr/lib/avrxmega3\libm.a(fp_zero.o)
                              c:/program files/microchip/xc8/v2.46/avr/bin/../lib/gcc/avr/5.4.0/../../../../avr/lib/avrxmega3\libm.a(addsf3x.o) (__fp_zero)
c:/program files/microchip/xc8/v2.46/avr/bin/../lib/gcc/avr/5.4.0/../../../../avr/lib/avrxmega3\libm.a(gesf2.o)
                              build/default/production/main.o (__gesf2)
c:/program files/microchip/xc8/v2.46/avr/bin/../lib/gcc/avr/5.4.0/../../../../avr/lib/avrxmega3\libm.a(mulsf3.o)
                              build/default/production/main.o (__mulsf3)
c:/program files/microchip/xc8/v2.46/avr/bin/../lib/gcc/avr/5.4.0/../../../../avr/lib/avrxmega3\libm.a(mulsf3x.o)
                              c:/program files/microchip/xc8/v2.46/avr/bin/../lib/gcc/avr/5.4.0/../../../../avr/lib/avrxmega3\libm.a(mulsf3.o) (__mulsf3x)
c:/program files/microchip/xc8/v2.46/avr/bin/../lib/gcc/avr/5.4.0/../../../../avr/lib/avrxmega3\libm.a(fp_cmp.o)
                              c:/program files/microchip/xc8/v2.46/avr/bin/../lib/gcc/avr/5.4.0/../../../../avr/lib/avrxmega3\libm.a(gesf2.o) (__fp_cmp)
c:/program files/microchip/xc8/v2.46/avr/bin/../lib/gcc/avr/5.4.0/avrxmega3\libgcc.a(_mulsi3.o)
                              build/default/production/main.o (__mulsi3)
c:/program files/microchip/xc8/v2.46/avr/bin/../lib/gcc/avr/5.4.0/avrxmega3\libgcc.a(_divmodsi4.o)
                              build/default/production/main.o (__divmodsi4)
c:/program files/microchip/xc8/v2.46/avr/bin/../lib/gcc/avr/5.4.0/avrxmega3\libgcc.a(_negsi2.o)
                              c:/program files/microchip/xc8/v2.46/avr/bin/../lib/gcc/avr/5.4.0/avrxmega3\libgcc.a(_divmodsi4.o) (__negsi2)
c:/program files/microchip/xc8/v2.46/avr/bin/../lib/gcc/avr/5.4.0/avrxmega3\libgcc.a(_copy_data.o)
                              build/default/production/mcc_generated_files/system/src/config_bits.o (__do_copy_data)
c:/program files/microchip/xc8/v2.46/avr/bin/../lib/gcc/avr/5.4.0/avrxmega3\libgcc.a(_umulhisi3.o)
                              build/default/production/main.o (__umulhisi3)
[...]
Memory Configuration

Name             Origin             Length             Attributes
text             0x0000000000000000 0x000000000000c000 xr
data             0x0000000000802800 0x0000000000001800 rw !x
eeprom           0x0000000000810000 0x0000000000000100 rw !x
fuse             0x0000000000820000 0x000000000000000a rw !x
lock             0x0000000000830000 0x0000000000000400 rw !x
signature        0x0000000000840000 0x0000000000000400 rw !x
user_signatures  0x0000000000850000 0x0000000000000400 rw !x
bootrow          0x0000000000860000 0x0000000000000400 rw !x
*default*        0x0000000000000000 0xffffffffffffffff

Linker script and memory map

Address of section .data set to 0x802800
                0x0000000000004000                __RODATA_PM_OFFSET__ = 0x4000
LOAD C:/Program Files/Microchip/MPLABX/v6.20/packs/Microchip/ATmega_DFP/3.1.264/xc8/avr/lib/avrxmega3/crtatmega4809.o
                0x0000000000000001                __MPLAB_BUILD = 0x1
LOAD build/default/production/mcc_generated_files/adc/src/adc0.o
LOAD build/default/production/mcc_generated_files/evsys/src/evsys.o
LOAD build/default/production/mcc_generated_files/nvm/src/nvm.o
LOAD build/default/production/mcc_generated_files/system/src/clock.o
LOAD build/default/production/mcc_generated_files/system/src/system.o
LOAD build/default/production/mcc_generated_files/system/src/protected_io.o
LOAD build/default/production/mcc_generated_files/system/src/pins.o
LOAD build/default/production/mcc_generated_files/system/src/interrupt.o
LOAD build/default/production/mcc_generated_files/system/src/config_bits.o
LOAD build/default/production/mcc_generated_files/timer/src/tca0.o
LOAD build/default/production/mcc_generated_files/timer/src/rtc.o
LOAD build/default/production/mcc_generated_files/timer/src/delay.o
LOAD build/default/production/mcc_generated_files/vref/src/vref.o
LOAD build/default/production/main.o
START GROUP
LOAD c:/program files/microchip/xc8/v2.46/avr/bin/../lib/gcc/avr/5.4.0/../../../../avr/lib/avrxmega3\libm.a
END GROUP
START GROUP
LOAD c:/program files/microchip/xc8/v2.46/avr/bin/../lib/gcc/avr/5.4.0/avrxmega3\libgcc.a
LOAD c:/program files/microchip/xc8/v2.46/avr/bin/../lib/gcc/avr/5.4.0/../../../../avr/lib/avrxmega3\libm.a
LOAD c:/program files/microchip/xc8/v2.46/avr/bin/../lib/gcc/avr/5.4.0/../../../../avr/lib/avrxmega3\libc.a
LOAD C:/Program Files/Microchip/MPLABX/v6.20/packs/Microchip/ATmega_DFP/3.1.264/xc8/avr/lib/avrxmega3\libatmega4809.a
END GROUP
                [0x0000000000000000]                __TEXT_REGION_ORIGIN__ = DEFINED (__TEXT_REGION_ORIGIN__)?__TEXT_REGION_ORIGIN__:0x0
                [0x0000000000802800]                __DATA_REGION_ORIGIN__ = DEFINED (__DATA_REGION_ORIGIN__)?__DATA_REGION_ORIGIN__:0x802000
                [0x000000000000c000]                __TEXT_REGION_LENGTH__ = DEFINED (__TEXT_REGION_LENGTH__)?__TEXT_REGION_LENGTH__:0x100000
                [0x0000000000001800]                __DATA_REGION_LENGTH__ = DEFINED (__DATA_REGION_LENGTH__)?__DATA_REGION_LENGTH__:0xffa0
                [0x0000000000000100]                __EEPROM_REGION_LENGTH__ = DEFINED (__EEPROM_REGION_LENGTH__)?__EEPROM_REGION_LENGTH__:0x10000
                [0x000000000000000a]                __FUSE_REGION_LENGTH__ = DEFINED (__FUSE_REGION_LENGTH__)?__FUSE_REGION_LENGTH__:0x400
                0x0000000000000400                __LOCK_REGION_LENGTH__ = DEFINED (__LOCK_REGION_LENGTH__)?__LOCK_REGION_LENGTH__:0x400
                0x0000000000000400                __SIGNATURE_REGION_LENGTH__ = DEFINED (__SIGNATURE_REGION_LENGTH__)?__SIGNATURE_REGION_LENGTH__:0x400
                0x0000000000000400                __USER_SIGNATURE_REGION_LENGTH__ = DEFINED (__USER_SIGNATURE_REGION_LENGTH__)?__USER_SIGNATURE_REGION_LENGTH__:0x400
                0x0000000000008000                __RODATA_PM_OFFSET__ = DEFINED (__RODATA_PM_OFFSET__)?__RODATA_PM_OFFSET__:0x8000
                0x0000000000000400                __BOOTROW_REGION_LENGTH__ = DEFINED (__BOOTROW_REGION_LENGTH__)?__BOOTROW_REGION_LENGTH__:0x400

.hash
 *(.hash)

.dynsym
 *(.dynsym)

.dynstr
 *(.dynstr)

.gnu.version
 *(.gnu.version)

.gnu.version_d
 *(.gnu.version_d)

.gnu.version_r
 *(.gnu.version_r)

.rel.init
 *(.rel.init)

.rela.init
 *(.rela.init)

.rel.text
 *(.rel.text)
 *(.rel.text.*)
 *(.rel.gnu.linkonce.t*)

.rela.text
 *(.rela.text)
 *(.rela.text.*)
 *(.rela.gnu.linkonce.t*)

.rel.fini
 *(.rel.fini)

.rela.fini
 *(.rela.fini)

.rel.rodata
 *(.rel.rodata)
 *(.rel.rodata.*)
 *(.rel.gnu.linkonce.r*)

.rela.rodata
 *(.rela.rodata)
 *(.rela.rodata.*)
 *(.rela.gnu.linkonce.r*)

.rel.data
 *(.rel.data)
 *(.rel.data.*)
 *(.rel.gnu.linkonce.d*)

.rela.data
 *(.rela.data)
 *(.rela.data.*)
 *(.rela.gnu.linkonce.d*)

.rel.ctors
 *(.rel.ctors)

.rela.ctors
 *(.rela.ctors)

.rel.dtors
 *(.rel.dtors)

.rela.dtors
 *(.rela.dtors)

.rel.got
 *(.rel.got)

.rela.got
 *(.rela.got)

.rel.bss
 *(.rel.bss)

.rela.bss
 *(.rela.bss)

.rel.plt
 *(.rel.plt)

.rela.plt
 *(.rela.plt)

.text           0x0000000000000000      0x12c
 *(.vectors)
 .vectors       0x0000000000000000       0xa0 C:/Program Files/Microchip/MPLABX/v6.20/packs/Microchip/ATmega_DFP/3.1.264/xc8/avr/lib/avrxmega3/crtatmega4809.o
                0x0000000000000000                __vector_default
                0x0000000000000000                __vectors
 *(.vectors)
 *(.progmem.gcc*)
 *(.dinit)
 .dinit         0x00000000000000a0       0x37 data_init
                0x00000000000000d8                . = ALIGN (0x2)
 *fill*         0x00000000000000d7        0x1 
                0x00000000000000d8                __trampolines_start = .
 *(.trampolines)
 .trampolines   0x00000000000000d8        0x0 linker stubs
 *(.trampolines*)
                0x00000000000000d8                __trampolines_end = .
 *libprintf_flt.a:*(.progmem.data)
 *libc.a:*(.progmem.data)
                0x00000000000000d8                . = ALIGN (0x2)
 *(.jumptables)
 *(.jumptables*)
 *(.lowtext)
 *(.lowtext*)
                0x00000000000000d8                __ctors_start = .
 *(.ctors)
                0x00000000000000d8                __ctors_end = .
                0x00000000000000d8                __dtors_start = .
 *(.dtors)
                0x00000000000000d8                __dtors_end = .
 SORT(*)(.ctors)
 SORT(*)(.dtors)
 *(.init0)
 .init0         0x00000000000000d8        0x0 C:/Program Files/Microchip/MPLABX/v6.20/packs/Microchip/ATmega_DFP/3.1.264/xc8/avr/lib/avrxmega3/crtatmega4809.o
                0x00000000000000d8                __init
 *(.init0)
 *(.init1)
 *(.init1)
 *(.init2)
 .init2         0x00000000000000d8        0xc C:/Program Files/Microchip/MPLABX/v6.20/packs/Microchip/ATmega_DFP/3.1.264/xc8/avr/lib/avrxmega3/crtatmega4809.o
 *(.init2)
 *(.init3)
 *(.init3)
 *(.init4)
 .init4         0x00000000000000e4       0x3c c:/program files/microchip/xc8/v2.46/avr/bin/../lib/gcc/avr/5.4.0/avrxmega3\libgcc.a(_copy_data.o)
                0x00000000000000e4                __do_copy_data
                0x0000000000000112                __do_clear_bss
 *(.init4)
 *(.init5)
 *(.init5)
 *(.init6)
 *(.init6)
 *(.init7)
 *(.init7)
 *(.init8)
 *(.init8)
 *(.init9)
 .init9         0x0000000000000120        0x8 C:/Program Files/Microchip/MPLABX/v6.20/packs/Microchip/ATmega_DFP/3.1.264/xc8/avr/lib/avrxmega3/crtatmega4809.o
 *(.init9)
                0x0000000000000128                . = ALIGN (0x2)
 *(.fini9)
 .fini9         0x0000000000000128        0x0 c:/program files/microchip/xc8/v2.46/avr/bin/../lib/gcc/avr/5.4.0/avrxmega3\libgcc.a(_exit.o)
                0x0000000000000128                _exit
 *(.fini9)
 *(.fini8)
 *(.fini8)
 *(.fini7)
 *(.fini7)
 *(.fini6)
 *(.fini6)
 *(.fini5)
 *(.fini5)
 *(.fini4)
 *(.fini4)
 *(.fini3)
 *(.fini3)
 *(.fini2)
 *(.fini2)
 *(.fini1)
 *(.fini1)
 *(.fini0)
 .fini0         0x0000000000000128        0x4 c:/program files/microchip/xc8/v2.46/avr/bin/../lib/gcc/avr/5.4.0/avrxmega3\libgcc.a(_exit.o)
 *(.fini0)
                0x000000000000012c                _etext = .

.data           0x0000000000802800        0x0 load address 0x000000000000012c
                [!provide]                        PROVIDE (__data_start, .)
 *(.gnu.linkonce.d*)
                0x0000000000802800                . = ALIGN (0x2)
                0x0000000000802800                _edata = .
                [!provide]                        PROVIDE (__data_end, .)

.bss            0x0000000000802800        0x0
                [!provide]                        PROVIDE (__bss_start, .)
 *(COMMON)
                [!provide]                        PROVIDE (__bss_end, .)
                0x000000000000012c                __data_load_start = LOADADDR (.data)
                0x000000000000012c                __data_load_end = (__data_load_start + SIZEOF (.data))

.noinit         0x0000000000802800        0x0
                [!provide]                        PROVIDE (__noinit_start, .)
 *(.noinit*)
                [!provide]                        PROVIDE (__noinit_end, .)
                0x0000000000802800                _end = .

.eeprom         0x0000000000810000        0x0
 *(.eeprom*)
                0x0000000000810000                __eeprom_end = .

.fuse           0x0000000000820000        0x9
 *(.fuse)
 .fuse          0x0000000000820000        0x9 build/default/production/mcc_generated_files/system/src/config_bits.o
                0x0000000000820000                __fuse
 *(.lfuse)
 *(.hfuse)
 *(.efuse)

.lock
 *(.lock*)

.signature
 *(.signature*)

.user_signatures
 *(.user_signatures*)

.bootrow
 *(.bootrow*)

.stab
 *(.stab)

.stabstr
 *(.stabstr)

.stab.excl
 *(.stab.excl)

.stab.exclstr
 *(.stab.exclstr)

.stab.index
 *(.stab.index)

.stab.indexstr
 *(.stab.indexstr)

.comment        0x0000000000000000       0x5b
 *(.comment)
 .comment       0x0000000000000000       0x2f build/default/production/mcc_generated_files/adc/src/adc0.o
                                         0x30 (size before relaxing)
 .comment       0x000000000000002f       0x30 build/default/production/mcc_generated_files/evsys/src/evsys.o
 .comment       0x000000000000002f       0x30 build/default/production/mcc_generated_files/nvm/src/nvm.o
 .comment       0x000000000000002f       0x30 build/default/production/mcc_generated_files/system/src/clock.o
 .comment       0x000000000000002f       0x30 build/default/production/mcc_generated_files/system/src/system.o
 .comment       0x000000000000002f       0x30 build/default/production/mcc_generated_files/system/src/pins.o
 .comment       0x000000000000002f       0x30 build/default/production/mcc_generated_files/system/src/interrupt.o
 .comment       0x000000000000002f       0x30 build/default/production/mcc_generated_files/system/src/config_bits.o
 .comment       0x000000000000002f       0x30 build/default/production/mcc_generated_files/timer/src/tca0.o
 .comment       0x000000000000002f       0x30 build/default/production/mcc_generated_files/timer/src/rtc.o
 .comment       0x000000000000002f       0x30 build/default/production/mcc_generated_files/timer/src/delay.o
 .comment       0x000000000000002f       0x30 build/default/production/mcc_generated_files/vref/src/vref.o
 .comment       0x000000000000002f       0x30 build/default/production/main.o
 .comment       0x000000000000002f       0x2c c:/program files/microchip/xc8/v2.46/avr/bin/../lib/gcc/avr/5.4.0/../../../../avr/lib/avrxmega3\libc.a(exit.o)
                                         0x2d (size before relaxing)
 .comment       0x000000000000005b       0x2d c:/program files/microchip/xc8/v2.46/avr/bin/../lib/gcc/avr/5.4.0/../../../../avr/lib/avrxmega3\libc.a(_Exit.o)

.stack.descriptors.hdr
                0x0000000000000000      0x15e
 .stack.descriptors.hdr
                0x0000000000000000        0xe c:/program files/microchip/xc8/v2.46/avr/bin/../lib/gcc/avr/5.4.0/../../../../avr/lib/avrxmega3\libm.a(addsf3.o)
 .stack.descriptors.hdr
                0x000000000000000e        0xe c:/program files/microchip/xc8/v2.46/avr/bin/../lib/gcc/avr/5.4.0/../../../../avr/lib/avrxmega3\libm.a(addsf3x.o)
 .stack.descriptors.hdr
                0x000000000000001c        0xe c:/program files/microchip/xc8/v2.46/avr/bin/../lib/gcc/avr/5.4.0/../../../../avr/lib/avrxmega3\libm.a(divsf3.o)
 .stack.descriptors.hdr
                0x000000000000002a        0xe c:/program files/microchip/xc8/v2.46/avr/bin/../lib/gcc/avr/5.4.0/../../../../avr/lib/avrxmega3\libm.a(divsf3x.o)
 .stack.descriptors.hdr
                0x0000000000000038        0xe c:/program files/microchip/xc8/v2.46/avr/bin/../lib/gcc/avr/5.4.0/../../../../avr/lib/avrxmega3\libm.a(floatsisf.o)
 .stack.descriptors.hdr
                0x0000000000000046        0xe c:/program files/microchip/xc8/v2.46/avr/bin/../lib/gcc/avr/5.4.0/../../../../avr/lib/avrxmega3\libm.a(fp_inf.o)
 .stack.descriptors.hdr
                0x0000000000000054        0xe c:/program files/microchip/xc8/v2.46/avr/bin/../lib/gcc/avr/5.4.0/../../../../avr/lib/avrxmega3\libm.a(fp_nan.o)
 .stack.descriptors.hdr
                0x0000000000000062        0xe c:/program files/microchip/xc8/v2.46/avr/bin/../lib/gcc/avr/5.4.0/../../../../avr/lib/avrxmega3\libm.a(fp_pscA.o)
 .stack.descriptors.hdr
                0x0000000000000070        0xe c:/program files/microchip/xc8/v2.46/avr/bin/../lib/gcc/avr/5.4.0/../../../../avr/lib/avrxmega3\libm.a(fp_pscB.o)
 .stack.descriptors.hdr
                0x000000000000007e        0xe c:/program files/microchip/xc8/v2.46/avr/bin/../lib/gcc/avr/5.4.0/../../../../avr/lib/avrxmega3\libm.a(fp_round.o)
 .stack.descriptors.hdr
                0x000000000000008c        0xe c:/program files/microchip/xc8/v2.46/avr/bin/../lib/gcc/avr/5.4.0/../../../../avr/lib/avrxmega3\libm.a(fp_split3.o)
 .stack.descriptors.hdr
                0x000000000000009a        0xe c:/program files/microchip/xc8/v2.46/avr/bin/../lib/gcc/avr/5.4.0/../../../../avr/lib/avrxmega3\libm.a(fp_zero.o)
 .stack.descriptors.hdr
                0x00000000000000a8        0xe c:/program files/microchip/xc8/v2.46/avr/bin/../lib/gcc/avr/5.4.0/../../../../avr/lib/avrxmega3\libm.a(gesf2.o)
 .stack.descriptors.hdr
                0x00000000000000b6        0xe c:/program files/microchip/xc8/v2.46/avr/bin/../lib/gcc/avr/5.4.0/../../../../avr/lib/avrxmega3\libm.a(mulsf3.o)
 .stack.descriptors.hdr
                0x00000000000000c4        0xe c:/program files/microchip/xc8/v2.46/avr/bin/../lib/gcc/avr/5.4.0/../../../../avr/lib/avrxmega3\libm.a(mulsf3x.o)
 .stack.descriptors.hdr
                0x00000000000000d2        0xe c:/program files/microchip/xc8/v2.46/avr/bin/../lib/gcc/avr/5.4.0/../../../../avr/lib/avrxmega3\libm.a(fp_cmp.o)
 .stack.descriptors.hdr
                0x00000000000000e0        0xe c:/program files/microchip/xc8/v2.46/avr/bin/../lib/gcc/avr/5.4.0/avrxmega3\libgcc.a(_mulsi3.o)
 .stack.descriptors.hdr
                0x00000000000000ee        0xe c:/program files/microchip/xc8/v2.46/avr/bin/../lib/gcc/avr/5.4.0/avrxmega3\libgcc.a(_divmodsi4.o)
 .stack.descriptors.hdr
                0x00000000000000fc        0xe c:/program files/microchip/xc8/v2.46/avr/bin/../lib/gcc/avr/5.4.0/avrxmega3\libgcc.a(_negsi2.o)
 .stack.descriptors.hdr
                0x000000000000010a        0xe c:/program files/microchip/xc8/v2.46/avr/bin/../lib/gcc/avr/5.4.0/avrxmega3\libgcc.a(_umulhisi3.o)
 .stack.descriptors.hdr
                0x0000000000000118        0xe c:/program files/microchip/xc8/v2.46/avr/bin/../lib/gcc/avr/5.4.0/avrxmega3\libgcc.a(_muluhisi3.o)
 .stack.descriptors.hdr
                0x0000000000000126        0xe c:/program files/microchip/xc8/v2.46/avr/bin/../lib/gcc/avr/5.4.0/avrxmega3\libgcc.a(_udivmodsi4.o)
 .stack.descriptors.hdr
                0x0000000000000134        0xe c:/program files/microchip/xc8/v2.46/avr/bin/../lib/gcc/avr/5.4.0/../../../../avr/lib/avrxmega3\libc.a(exit.o)
 .stack.descriptors.hdr
                0x0000000000000142        0xe c:/program files/microchip/xc8/v2.46/avr/bin/../lib/gcc/avr/5.4.0/../../../../avr/lib/avrxmega3\libc.a(_Exit.o)
 .stack.descriptors.hdr
                0x0000000000000150        0xe c:/program files/microchip/xc8/v2.46/avr/bin/../lib/gcc/avr/5.4.0/avrxmega3\libgcc.a(_exit.o)

.note.GNU-stack
                0x0000000000000000        0x0
 .note.GNU-stack
                0x0000000000000000        0x0 c:/program files/microchip/xc8/v2.46/avr/bin/../lib/gcc/avr/5.4.0/../../../../avr/lib/avrxmega3\libm.a(addsf3.o)
 .note.GNU-stack
                0x0000000000000000        0x0 c:/program files/microchip/xc8/v2.46/avr/bin/../lib/gcc/avr/5.4.0/../../../../avr/lib/avrxmega3\libm.a(addsf3x.o)
 .note.GNU-stack
                0x0000000000000000        0x0 c:/program files/microchip/xc8/v2.46/avr/bin/../lib/gcc/avr/5.4.0/../../../../avr/lib/avrxmega3\libm.a(divsf3.o)
 .note.GNU-stack
                0x0000000000000000        0x0 c:/program files/microchip/xc8/v2.46/avr/bin/../lib/gcc/avr/5.4.0/../../../../avr/lib/avrxmega3\libm.a(divsf3x.o)
 .note.GNU-stack
                0x0000000000000000        0x0 c:/program files/microchip/xc8/v2.46/avr/bin/../lib/gcc/avr/5.4.0/../../../../avr/lib/avrxmega3\libm.a(floatsisf.o)
 .note.GNU-stack
                0x0000000000000000        0x0 c:/program files/microchip/xc8/v2.46/avr/bin/../lib/gcc/avr/5.4.0/../../../../avr/lib/avrxmega3\libm.a(fp_inf.o)
 .note.GNU-stack
                0x0000000000000000        0x0 c:/program files/microchip/xc8/v2.46/avr/bin/../lib/gcc/avr/5.4.0/../../../../avr/lib/avrxmega3\libm.a(fp_nan.o)
 .note.GNU-stack
                0x0000000000000000        0x0 c:/program files/microchip/xc8/v2.46/avr/bin/../lib/gcc/avr/5.4.0/../../../../avr/lib/avrxmega3\libm.a(fp_pscA.o)
 .note.GNU-stack
                0x0000000000000000        0x0 c:/program files/microchip/xc8/v2.46/avr/bin/../lib/gcc/avr/5.4.0/../../../../avr/lib/avrxmega3\libm.a(fp_pscB.o)
 .note.GNU-stack
                0x0000000000000000        0x0 c:/program files/microchip/xc8/v2.46/avr/bin/../lib/gcc/avr/5.4.0/../../../../avr/lib/avrxmega3\libm.a(fp_round.o)
 .note.GNU-stack
                0x0000000000000000        0x0 c:/program files/microchip/xc8/v2.46/avr/bin/../lib/gcc/avr/5.4.0/../../../../avr/lib/avrxmega3\libm.a(fp_split3.o)
 .note.GNU-stack
                0x0000000000000000        0x0 c:/program files/microchip/xc8/v2.46/avr/bin/../lib/gcc/avr/5.4.0/../../../../avr/lib/avrxmega3\libm.a(fp_zero.o)
 .note.GNU-stack
                0x0000000000000000        0x0 c:/program files/microchip/xc8/v2.46/avr/bin/../lib/gcc/avr/5.4.0/../../../../avr/lib/avrxmega3\libm.a(gesf2.o)
 .note.GNU-stack
                0x0000000000000000        0x0 c:/program files/microchip/xc8/v2.46/avr/bin/../lib/gcc/avr/5.4.0/../../../../avr/lib/avrxmega3\libm.a(mulsf3.o)
 .note.GNU-stack
                0x0000000000000000        0x0 c:/program files/microchip/xc8/v2.46/avr/bin/../lib/gcc/avr/5.4.0/../../../../avr/lib/avrxmega3\libm.a(mulsf3x.o)
 .note.GNU-stack
                0x0000000000000000        0x0 c:/program files/microchip/xc8/v2.46/avr/bin/../lib/gcc/avr/5.4.0/../../../../avr/lib/avrxmega3\libm.a(fp_cmp.o)
 .note.GNU-stack
                0x0000000000000000        0x0 c:/program files/microchip/xc8/v2.46/avr/bin/../lib/gcc/avr/5.4.0/../../../../avr/lib/avrxmega3\libc.a(exit.o)
 .note.GNU-stack
                0x0000000000000000        0x0 c:/program files/microchip/xc8/v2.46/avr/bin/../lib/gcc/avr/5.4.0/../../../../avr/lib/avrxmega3\libc.a(_Exit.o)

.note.gnu.build-id
 *(.note.gnu.build-id)

.debug
 *(.debug)

.line
 *(.line)

.debug_srcinfo
 *(.debug_srcinfo)

.debug_sfnames
 *(.debug_sfnames)

.debug_aranges  0x0000000000000000      0x750
 *(.debug_aranges)
 .debug_aranges
                0x0000000000000000       0xb0 build/default/production/mcc_generated_files/adc/src/adc0.o
 .debug_aranges
                0x00000000000000b0       0x20 build/default/production/mcc_generated_files/evsys/src/evsys.o
 .debug_aranges
                0x00000000000000d0       0x40 build/default/production/mcc_generated_files/nvm/src/nvm.o
 .debug_aranges
                0x0000000000000110       0x20 build/default/production/mcc_generated_files/system/src/clock.o
 .debug_aranges
                0x0000000000000130       0x20 build/default/production/mcc_generated_files/system/src/system.o
 .debug_aranges
                0x0000000000000150       0x20 build/default/production/mcc_generated_files/system/src/protected_io.o
 .debug_aranges
                0x0000000000000170      0x2d0 build/default/production/mcc_generated_files/system/src/pins.o
 .debug_aranges
                0x0000000000000440       0x20 build/default/production/mcc_generated_files/system/src/interrupt.o
 .debug_aranges
                0x0000000000000460       0x18 build/default/production/mcc_generated_files/system/src/config_bits.o
 .debug_aranges
                0x0000000000000478      0x138 build/default/production/mcc_generated_files/timer/src/tca0.o
 .debug_aranges
                0x00000000000005b0       0xc8 build/default/production/mcc_generated_files/timer/src/rtc.o
 .debug_aranges
                0x0000000000000678       0x28 build/default/production/mcc_generated_files/timer/src/delay.o
 .debug_aranges
                0x00000000000006a0       0x20 build/default/production/mcc_generated_files/vref/src/vref.o
 .debug_aranges
                0x00000000000006c0       0x90 build/default/production/main.o

.debug_pubnames
 *(.debug_pubnames)

.debug_info     0x0000000000000000     0xbcad
 *(.debug_info .gnu.linkonce.wi.*)
 .debug_info    0x0000000000000000     0x248a C:/Program Files/Microchip/MPLABX/v6.20/packs/Microchip/ATmega_DFP/3.1.264/xc8/avr/lib/avrxmega3/crtatmega4809.o
 .debug_info    0x000000000000248a      0xa7b build/default/production/mcc_generated_files/adc/src/adc0.o
 .debug_info    0x0000000000002f05      0x5c4 build/default/production/mcc_generated_files/evsys/src/evsys.o
 .debug_info    0x00000000000034c9      0x6fa build/default/production/mcc_generated_files/nvm/src/nvm.o
 .debug_info    0x0000000000003bc3      0x671 build/default/production/mcc_generated_files/system/src/clock.o
 .debug_info    0x0000000000004234      0x344 build/default/production/mcc_generated_files/system/src/system.o
 .debug_info    0x0000000000004578       0x80 build/default/production/mcc_generated_files/system/src/protected_io.o
 .debug_info    0x00000000000045f8     0x2473 build/default/production/mcc_generated_files/system/src/pins.o
 .debug_info    0x0000000000006a6b      0x3d7 build/default/production/mcc_generated_files/system/src/interrupt.o
 .debug_info    0x0000000000006e42      0x7e5 build/default/production/mcc_generated_files/system/src/config_bits.o
 .debug_info    0x0000000000007627     0x12d5 build/default/production/mcc_generated_files/timer/src/tca0.o
 .debug_info    0x00000000000088fc      0x91e build/default/production/mcc_generated_files/timer/src/rtc.o
 .debug_info    0x000000000000921a      0x42e build/default/production/mcc_generated_files/timer/src/delay.o
 .debug_info    0x0000000000009648      0x2ee build/default/production/mcc_generated_files/vref/src/vref.o
 .debug_info    0x0000000000009936     0x2377 build/default/production/main.o

.debug_abbrev   0x0000000000000000     0x3403
 *(.debug_abbrev)
 .debug_abbrev  0x0000000000000000     0x2296 C:/Program Files/Microchip/MPLABX/v6.20/packs/Microchip/ATmega_DFP/3.1.264/xc8/avr/lib/avrxmega3/crtatmega4809.o
 .debug_abbrev  0x0000000000002296      0x238 build/default/production/mcc_generated_files/adc/src/adc0.o
 .debug_abbrev  0x00000000000024ce       0x8c build/default/production/mcc_generated_files/evsys/src/evsys.o
 .debug_abbrev  0x000000000000255a      0x1af build/default/production/mcc_generated_files/nvm/src/nvm.o
 .debug_abbrev  0x0000000000002709      0x11d build/default/production/mcc_generated_files/system/src/clock.o
 .debug_abbrev  0x0000000000002826       0x6a build/default/production/mcc_generated_files/system/src/system.o
 .debug_abbrev  0x0000000000002890       0x14 build/default/production/mcc_generated_files/system/src/protected_io.o
 .debug_abbrev  0x00000000000028a4      0x182 build/default/production/mcc_generated_files/system/src/pins.o
 .debug_abbrev  0x0000000000002a26       0xfa build/default/production/mcc_generated_files/system/src/interrupt.o
 .debug_abbrev  0x0000000000002b20       0x97 build/default/production/mcc_generated_files/system/src/config_bits.o
 .debug_abbrev  0x0000000000002bb7      0x245 build/default/production/mcc_generated_files/timer/src/tca0.o
 .debug_abbrev  0x0000000000002dfc      0x14c build/default/production/mcc_generated_files/timer/src/rtc.o
 .debug_abbrev  0x0000000000002f48      0x12b build/default/production/mcc_generated_files/timer/src/delay.o
 .debug_abbrev  0x0000000000003073       0x7a build/default/production/mcc_generated_files/vref/src/vref.o
 .debug_abbrev  0x00000000000030ed      0x316 build/default/production/main.o

.debug_line     0x0000000000000000     0x2f3b
 *(.debug_line .debug_line.* .debug_line_end)
 .debug_line    0x0000000000000000      0x187 C:/Program Files/Microchip/MPLABX/v6.20/packs/Microchip/ATmega_DFP/3.1.264/xc8/avr/lib/avrxmega3/crtatmega4809.o
 .debug_line    0x0000000000000187      0x389 build/default/production/mcc_generated_files/adc/src/adc0.o
 .debug_line    0x0000000000000510      0x16d build/default/production/mcc_generated_files/evsys/src/evsys.o
 .debug_line    0x000000000000067d      0x20e build/default/production/mcc_generated_files/nvm/src/nvm.o
 .debug_line    0x000000000000088b      0x179 build/default/production/mcc_generated_files/system/src/clock.o
 .debug_line    0x0000000000000a04      0x1e8 build/default/production/mcc_generated_files/system/src/system.o
 .debug_line    0x0000000000000bec       0x6d build/default/production/mcc_generated_files/system/src/protected_io.o
 .debug_line    0x0000000000000c59      0xc5f build/default/production/mcc_generated_files/system/src/pins.o
 .debug_line    0x00000000000018b8      0x197 build/default/production/mcc_generated_files/system/src/interrupt.o
 .debug_line    0x0000000000001a4f       0xfe build/default/production/mcc_generated_files/system/src/config_bits.o
 .debug_line    0x0000000000001b4d      0x51e build/default/production/mcc_generated_files/timer/src/tca0.o
 .debug_line    0x000000000000206b      0x400 build/default/production/mcc_generated_files/timer/src/rtc.o
 .debug_line    0x000000000000246b      0x13e build/default/production/mcc_generated_files/timer/src/delay.o
 .debug_line    0x00000000000025a9      0x117 build/default/production/mcc_generated_files/vref/src/vref.o
 .debug_line    0x00000000000026c0      0x87b build/default/production/main.o

.debug_frame    0x0000000000000000     0x1118
 *(.debug_frame)
 .debug_frame   0x0000000000000000      0x1d4 build/default/production/mcc_generated_files/adc/src/adc0.o
 .debug_frame   0x00000000000001d4       0x24 build/default/production/mcc_generated_files/evsys/src/evsys.o
 .debug_frame   0x00000000000001f8       0x64 build/default/production/mcc_generated_files/nvm/src/nvm.o
 .debug_frame   0x000000000000025c       0x24 build/default/production/mcc_generated_files/system/src/clock.o
 .debug_frame   0x0000000000000280       0x24 build/default/production/mcc_generated_files/system/src/system.o
 .debug_frame   0x00000000000002a4      0x748 build/default/production/mcc_generated_files/system/src/pins.o
 .debug_frame   0x00000000000009ec       0x24 build/default/production/mcc_generated_files/system/src/interrupt.o
 .debug_frame   0x0000000000000a10      0x29c build/default/production/mcc_generated_files/timer/src/tca0.o
 .debug_frame   0x0000000000000cac      0x204 build/default/production/mcc_generated_files/timer/src/rtc.o
 .debug_frame   0x0000000000000eb0       0x34 build/default/production/mcc_generated_files/timer/src/delay.o
 .debug_frame   0x0000000000000ee4       0x24 build/default/production/mcc_generated_files/vref/src/vref.o
 .debug_frame   0x0000000000000f08      0x210 build/default/production/main.o

.debug_str      0x0000000000000000     0x1231
 *(.debug_str)
 .debug_str     0x0000000000000000      0xf85 C:/Program Files/Microchip/MPLABX/v6.20/packs/Microchip/ATmega_DFP/3.1.264/xc8/avr/lib/avrxmega3/crtatmega4809.o
 .debug_str     0x0000000000000f85        0x8 build/default/production/mcc_generated_files/adc/src/adc0.o
 .debug_str     0x0000000000000f8d        0x0 build/default/production/mcc_generated_files/evsys/src/evsys.o
 .debug_str     0x0000000000000f8d       0x13 build/default/production/mcc_generated_files/nvm/src/nvm.o
 .debug_str     0x0000000000000fa0       0x13 build/default/production/mcc_generated_files/system/src/clock.o
 .debug_str     0x0000000000000fb3       0x99 build/default/production/mcc_generated_files/system/src/system.o
 .debug_str     0x000000000000104c       0x25 build/default/production/mcc_generated_files/system/src/pins.o
 .debug_str     0x0000000000001071       0x13 build/default/production/mcc_generated_files/system/src/interrupt.o
 .debug_str     0x0000000000001084        0x0 build/default/production/mcc_generated_files/system/src/config_bits.o
 .debug_str     0x0000000000001084       0x58 build/default/production/mcc_generated_files/timer/src/tca0.o
 .debug_str     0x00000000000010dc        0x9 build/default/production/mcc_generated_files/timer/src/rtc.o
 .debug_str     0x00000000000010e5       0x26 build/default/production/mcc_generated_files/timer/src/delay.o
 .debug_str     0x000000000000110b        0x0 build/default/production/mcc_generated_files/vref/src/vref.o
 .debug_str     0x000000000000110b      0x126 build/default/production/main.o

.debug_loc      0x0000000000000000      0xa7e
 *(.debug_loc)
 .debug_loc     0x0000000000000000       0xa2 build/default/production/mcc_generated_files/adc/src/adc0.o
 .debug_loc     0x00000000000000a2       0xc1 build/default/production/mcc_generated_files/nvm/src/nvm.o
 .debug_loc     0x0000000000000163      0x11f build/default/production/mcc_generated_files/system/src/clock.o
 .debug_loc     0x0000000000000282       0x2a build/default/production/mcc_generated_files/system/src/interrupt.o
 .debug_loc     0x00000000000002ac       0x34 build/default/production/mcc_generated_files/timer/src/tca0.o
 .debug_loc     0x00000000000002e0      0x15d build/default/production/mcc_generated_files/timer/src/delay.o
 .debug_loc     0x000000000000043d      0x641 build/default/production/main.o

.debug_macinfo
 *(.debug_macinfo)

.debug_weaknames
 *(.debug_weaknames)

.debug_funcnames
 *(.debug_funcnames)

.debug_typenames
 *(.debug_typenames)

.debug_varnames
 *(.debug_varnames)

.debug_pubtypes
 *(.debug_pubtypes)

.debug_ranges   0x0000000000000000      0x688
 *(.debug_ranges)
 .debug_ranges  0x0000000000000000       0xa0 build/default/production/mcc_generated_files/adc/src/adc0.o
 .debug_ranges  0x00000000000000a0       0x10 build/default/production/mcc_generated_files/evsys/src/evsys.o
 .debug_ranges  0x00000000000000b0       0x30 build/default/production/mcc_generated_files/nvm/src/nvm.o
 .debug_ranges  0x00000000000000e0       0x10 build/default/production/mcc_generated_files/system/src/clock.o
 .debug_ranges  0x00000000000000f0       0x10 build/default/production/mcc_generated_files/system/src/system.o
 .debug_ranges  0x0000000000000100      0x2c0 build/default/production/mcc_generated_files/system/src/pins.o
 .debug_ranges  0x00000000000003c0       0x10 build/default/production/mcc_generated_files/system/src/interrupt.o
 .debug_ranges  0x00000000000003d0      0x128 build/default/production/mcc_generated_files/timer/src/tca0.o
 .debug_ranges  0x00000000000004f8       0xb8 build/default/production/mcc_generated_files/timer/src/rtc.o
 .debug_ranges  0x00000000000005b0       0x18 build/default/production/mcc_generated_files/timer/src/delay.o
 .debug_ranges  0x00000000000005c8       0x10 build/default/production/mcc_generated_files/vref/src/vref.o
 .debug_ranges  0x00000000000005d8       0xb0 build/default/production/main.o

.debug_macro
 *(.debug_macro)
OUTPUT(dist/default/production/soldering_station_firmware.production.elf elf32-avr)
LOAD linker stubs
LOAD data_init

.note.gnu.avr.deviceinfo
                0x0000000000000000       0x40
 .note.gnu.avr.deviceinfo
                0x0000000000000000       0x40 C:/Program Files/Microchip/MPLABX/v6.20/packs/Microchip/ATmega_DFP/3.1.264/xc8/avr/lib/avrxmega3/crtatmega4809.o

.bss.ADC0_resrdy_cb
                0x00000000008031b0        0x2
 .bss.ADC0_resrdy_cb
                0x00000000008031b0        0x2 build/default/production/mcc_generated_files/adc/src/adc0.o
                0x00000000008031b0                ADC0_resrdy_cb

.bss.ADC0_window_cb
                0x00000000008031b2        0x2
 .bss.ADC0_window_cb
                0x00000000008031b2        0x2 build/default/production/mcc_generated_files/adc/src/adc0.o
                0x00000000008031b2                ADC0_window_cb

.bss.DISP_CLK_InterruptHandler
                0x00000000008031b4        0x2
 .bss.DISP_CLK_InterruptHandler
                0x00000000008031b4        0x2 build/default/production/mcc_generated_files/system/src/pins.o

.bss.DISP_DATA_InterruptHandler
                0x00000000008031b6        0x2
 .bss.DISP_DATA_InterruptHandler
                0x00000000008031b6        0x2 build/default/production/mcc_generated_files/system/src/pins.o

.bss.IO_PF5_InterruptHandler
                0x00000000008031b8        0x2
 .bss.IO_PF5_InterruptHandler
                0x00000000008031b8        0x2 build/default/production/mcc_generated_files/system/src/pins.o

.bss.IO_PF4_InterruptHandler
                0x00000000008031ba        0x2
 .bss.IO_PF4_InterruptHandler
                0x00000000008031ba        0x2 build/default/production/mcc_generated_files/system/src/pins.o

.bss.IO_PF3_InterruptHandler
                0x00000000008031bc        0x2
 .bss.IO_PF3_InterruptHandler
                0x00000000008031bc        0x2 build/default/production/mcc_generated_files/system/src/pins.o

.bss.IO_PF2_InterruptHandler
                0x00000000008031be        0x2
 .bss.IO_PF2_InterruptHandler
                0x00000000008031be        0x2 build/default/production/mcc_generated_files/system/src/pins.o

.bss.IO_PF1_InterruptHandler
                0x00000000008031c0        0x2
 .bss.IO_PF1_InterruptHandler
                0x00000000008031c0        0x2 build/default/production/mcc_generated_files/system/src/pins.o

.bss.IO_PF0_InterruptHandler
                0x00000000008031c2        0x2
 .bss.IO_PF0_InterruptHandler
                0x00000000008031c2        0x2 build/default/production/mcc_generated_files/system/src/pins.o

.bss.IO_PE3_InterruptHandler
                0x00000000008031c4        0x2
 .bss.IO_PE3_InterruptHandler
                0x00000000008031c4        0x2 build/default/production/mcc_generated_files/system/src/pins.o

.bss.IO_PE2_InterruptHandler
                0x00000000008031c6        0x2
 .bss.IO_PE2_InterruptHandler
                0x00000000008031c6        0x2 build/default/production/mcc_generated_files/system/src/pins.o

.bss.IO_PE1_InterruptHandler
                0x00000000008031c8        0x2
 .bss.IO_PE1_InterruptHandler
                0x00000000008031c8        0x2 build/default/production/mcc_generated_files/system/src/pins.o

.bss.IO_PE0_InterruptHandler
                0x00000000008031ca        0x2
 .bss.IO_PE0_InterruptHandler
                0x00000000008031ca        0x2 build/default/production/mcc_generated_files/system/src/pins.o

.bss.IO_PD7_InterruptHandler
                0x00000000008031cc        0x2
 .bss.IO_PD7_InterruptHandler
                0x00000000008031cc        0x2 build/default/production/mcc_generated_files/system/src/pins.o

.bss.IO_PD6_InterruptHandler
                0x00000000008031ce        0x2
 .bss.IO_PD6_InterruptHandler
                0x00000000008031ce        0x2 build/default/production/mcc_generated_files/system/src/pins.o

.bss.IO_PD5_InterruptHandler
                0x00000000008031d0        0x2
 .bss.IO_PD5_InterruptHandler
                0x00000000008031d0        0x2 build/default/production/mcc_generated_files/system/src/pins.o

.bss.IO_PD4_InterruptHandler
                0x00000000008031d2        0x2
 .bss.IO_PD4_InterruptHandler
                0x00000000008031d2        0x2 build/default/production/mcc_generated_files/system/src/pins.o

.bss.IO_PD3_InterruptHandler
                0x00000000008031d4        0x2
 .bss.IO_PD3_InterruptHandler
                0x00000000008031d4        0x2 build/default/production/mcc_generated_files/system/src/pins.o

.bss.VIN_TEST_InterruptHandler
                0x00000000008031d6        0x2
 .bss.VIN_TEST_InterruptHandler
                0x00000000008031d6        0x2 build/default/production/mcc_generated_files/system/src/pins.o

.bss.IO_PC7_InterruptHandler
                0x00000000008031d8        0x2
 .bss.IO_PC7_InterruptHandler
                0x00000000008031d8        0x2 build/default/production/mcc_generated_files/system/src/pins.o

.bss.IO_PC6_InterruptHandler
                0x00000000008031da        0x2
 .bss.IO_PC6_InterruptHandler
                0x00000000008031da        0x2 build/default/production/mcc_generated_files/system/src/pins.o

.bss.IO_PC5_InterruptHandler
                0x00000000008031dc        0x2
 .bss.IO_PC5_InterruptHandler
                0x00000000008031dc        0x2 build/default/production/mcc_generated_files/system/src/pins.o

.bss.IO_PC4_InterruptHandler
                0x00000000008031de        0x2
 .bss.IO_PC4_InterruptHandler
                0x00000000008031de        0x2 build/default/production/mcc_generated_files/system/src/pins.o

.bss.IO_PC3_InterruptHandler
                0x00000000008031e0        0x2
 .bss.IO_PC3_InterruptHandler
                0x00000000008031e0        0x2 build/default/production/mcc_generated_files/system/src/pins.o

.bss.IO_PC2_InterruptHandler
                0x00000000008031e2        0x2
 .bss.IO_PC2_InterruptHandler
                0x00000000008031e2        0x2 build/default/production/mcc_generated_files/system/src/pins.o

.bss.IO_PC1_InterruptHandler
                0x00000000008031e4        0x2
 .bss.IO_PC1_InterruptHandler
                0x00000000008031e4        0x2 build/default/production/mcc_generated_files/system/src/pins.o

.bss.IO_PB5_InterruptHandler
                0x00000000008031e6        0x2
 .bss.IO_PB5_InterruptHandler
                0x00000000008031e6        0x2 build/default/production/mcc_generated_files/system/src/pins.o

.bss.IO_PB4_InterruptHandler
                0x00000000008031e8        0x2
 .bss.IO_PB4_InterruptHandler
                0x00000000008031e8        0x2 build/default/production/mcc_generated_files/system/src/pins.o

.bss.IO_PB3_InterruptHandler
                0x00000000008031ea        0x2
 .bss.IO_PB3_InterruptHandler
                0x00000000008031ea        0x2 build/default/production/mcc_generated_files/system/src/pins.o

.bss.IO_PB2_InterruptHandler
                0x00000000008031ec        0x2
 .bss.IO_PB2_InterruptHandler
                0x00000000008031ec        0x2 build/default/production/mcc_generated_files/system/src/pins.o

.bss.IO_PB1_InterruptHandler
                0x00000000008031ee        0x2
 .bss.IO_PB1_InterruptHandler
                0x00000000008031ee        0x2 build/default/production/mcc_generated_files/system/src/pins.o

.bss.IO_PB0_InterruptHandler
                0x00000000008031f0        0x2
 .bss.IO_PB0_InterruptHandler
                0x00000000008031f0        0x2 build/default/production/mcc_generated_files/system/src/pins.o

.bss.IO_PA7_InterruptHandler
                0x00000000008031f2        0x2
 .bss.IO_PA7_InterruptHandler
                0x00000000008031f2        0x2 build/default/production/mcc_generated_files/system/src/pins.o

.bss.ENC2_InterruptHandler
                0x00000000008031f4        0x2
 .bss.ENC2_InterruptHandler
                0x00000000008031f4        0x2 build/default/production/mcc_generated_files/system/src/pins.o

.bss.ENC1_InterruptHandler
                0x00000000008031f6        0x2
 .bss.ENC1_InterruptHandler
                0x00000000008031f6        0x2 build/default/production/mcc_generated_files/system/src/pins.o

.bss.ENCB_InterruptHandler
                0x00000000008031f8        0x2
 .bss.ENCB_InterruptHandler
                0x00000000008031f8        0x2 build/default/production/mcc_generated_files/system/src/pins.o

.bss.IO_PA1_InterruptHandler
                0x00000000008031fa        0x2
 .bss.IO_PA1_InterruptHandler
                0x00000000008031fa        0x2 build/default/production/mcc_generated_files/system/src/pins.o

.bss.IO_PA0_InterruptHandler
                0x00000000008031fc        0x2
 .bss.IO_PA0_InterruptHandler
                0x00000000008031fc        0x2 build/default/production/mcc_generated_files/system/src/pins.o

.bss.CTRL_OUT_InterruptHandler
                0x00000000008031fe        0x2
 .bss.CTRL_OUT_InterruptHandler
                0x00000000008031fe        0x2 build/default/production/mcc_generated_files/system/src/pins.o

.bss.TEMP_IN1_InterruptHandler
                0x0000000000803200        0x2
 .bss.TEMP_IN1_InterruptHandler
                0x0000000000803200        0x2 build/default/production/mcc_generated_files/system/src/pins.o

.bss.TEMP_IN0_InterruptHandler
                0x0000000000803202        0x2
 .bss.TEMP_IN0_InterruptHandler
                0x0000000000803202        0x2 build/default/production/mcc_generated_files/system/src/pins.o

.bss.RTC_PIT_isr_cb
                0x0000000000803206        0x2
 .bss.RTC_PIT_isr_cb
                0x0000000000803206        0x2 build/default/production/mcc_generated_files/timer/src/rtc.o
                0x0000000000803206                RTC_PIT_isr_cb

.bss.RTC_CMP_isr_cb
                0x0000000000803208        0x2
 .bss.RTC_CMP_isr_cb
                0x0000000000803208        0x2 build/default/production/mcc_generated_files/timer/src/rtc.o
                0x0000000000803208                RTC_CMP_isr_cb

.bss.RTC_OVF_isr_cb
                0x000000000080320a        0x2
 .bss.RTC_OVF_isr_cb
                0x000000000080320a        0x2 build/default/production/mcc_generated_files/timer/src/rtc.o
                0x000000000080320a                RTC_OVF_isr_cb

.bss.displayUpdate
                0x000000000080320c        0x2
 .bss.displayUpdate
                0x000000000080320c        0x2 build/default/production/main.o
                0x000000000080320c                displayUpdate

.bss.displayFor
                0x000000000080320e        0x2
 .bss.displayFor
                0x000000000080320e        0x2 build/default/production/main.o
                0x000000000080320e                displayFor

.bss.ENCB_LastState
                0x000000000080321a        0x1
 .bss.ENCB_LastState
                0x000000000080321a        0x1 build/default/production/main.o
                0x000000000080321a                ENCB_LastState

.bss.pwmState   0x0000000000803212        0x2
 .bss.pwmState  0x0000000000803212        0x2 build/default/production/main.o
                0x0000000000803212                pwmState

.bss.buffer     0x00000000008031a8        0x4
 .bss.buffer    0x00000000008031a8        0x4 build/default/production/main.o
                0x00000000008031a8                buffer

.bss.temperatureSetpoint
                0x0000000000803214        0x2
 .bss.temperatureSetpoint
                0x0000000000803214        0x2 build/default/production/main.o
                0x0000000000803214                temperatureSetpoint

.bss.currentTemperature
                0x0000000000803216        0x2
 .bss.currentTemperature
                0x0000000000803216        0x2 build/default/production/main.o
                0x0000000000803216                currentTemperature

.bss.encoderDelta
                0x00000000008031ac        0x4
 .bss.encoderDelta
                0x00000000008031ac        0x4 build/default/production/main.o
                0x00000000008031ac                encoderDelta

.text.main      0x000000000000012c      0x42e
 .text.main     0x000000000000012c      0x42e build/default/production/main.o
                0x000000000000012c                main

.text.PIN_MANAGER_Initialize
                0x000000000000055a      0x2d4
 .text.PIN_MANAGER_Initialize
                0x000000000000055a      0x2d4 build/default/production/mcc_generated_files/system/src/pins.o
                0x000000000000055a                PIN_MANAGER_Initialize

.text           0x000000000000082e       0xde
 .text          0x000000000000082e       0xde c:/program files/microchip/xc8/v2.46/avr/bin/../lib/gcc/avr/5.4.0/../../../../avr/lib/avrxmega3\libm.a(divsf3x.o)
                0x000000000000082e                __divsf3x
                0x0000000000000856                __divsf3_pse

.text.rawTemperatureToC
                0x000000000000090c       0xda
 .text.rawTemperatureToC
                0x000000000000090c       0xda build/default/production/main.o
                0x000000000000090c                rawTemperatureToC

.text           0x00000000000009e6       0xd4
 .text          0x00000000000009e6       0xd4 c:/program files/microchip/xc8/v2.46/avr/bin/../lib/gcc/avr/5.4.0/../../../../avr/lib/avrxmega3\libm.a(mulsf3x.o)
                0x00000000000009e6                __mulsf3x
                0x0000000000000a0c                __mulsf3_pse

.text           0x0000000000000aba       0xce
 .text          0x0000000000000aba       0xce c:/program files/microchip/xc8/v2.46/avr/bin/../lib/gcc/avr/5.4.0/../../../../avr/lib/avrxmega3\libm.a(addsf3x.o)
                0x0000000000000aba                __addsf3x

.text.setDisplay
                0x0000000000000b88       0xc2
 .text.setDisplay
                0x0000000000000b88       0xc2 build/default/production/main.o
                0x0000000000000b88                setDisplay

.text.__vector_6
                0x0000000000000c4a       0xb8
 .text.__vector_6
                0x0000000000000c4a       0xb8 build/default/production/mcc_generated_files/system/src/pins.o
                0x0000000000000c4a                __vector_6

.text.__vector_24
                0x0000000000000d02       0xb8
 .text.__vector_24
                0x0000000000000d02       0xb8 build/default/production/mcc_generated_files/system/src/pins.o
                0x0000000000000d02                __vector_24

.text.__vector_20
                0x0000000000000dba       0xb8
 .text.__vector_20
                0x0000000000000dba       0xb8 build/default/production/mcc_generated_files/system/src/pins.o
                0x0000000000000dba                __vector_20

.text.__vector_34
                0x0000000000000e72       0x9c
 .text.__vector_34
                0x0000000000000e72       0x9c build/default/production/mcc_generated_files/system/src/pins.o
                0x0000000000000e72                __vector_34

.text.__vector_29
                0x0000000000000f0e       0x9c
 .text.__vector_29
                0x0000000000000f0e       0x9c build/default/production/mcc_generated_files/system/src/pins.o
                0x0000000000000f0e                __vector_29

.text.__vector_3
                0x0000000000000faa       0x86
 .text.__vector_3
                0x0000000000000faa       0x86 build/default/production/mcc_generated_files/timer/src/rtc.o
                0x0000000000000faa                __vector_3

.text.__vector_35
                0x0000000000001030       0x80
 .text.__vector_35
                0x0000000000001030       0x80 build/default/production/mcc_generated_files/system/src/pins.o
                0x0000000000001030                __vector_35

.rodata.ascii   0x00000000008050b0       0x80 load address 0x00000000000010b0
 .rodata.ascii  0x00000000008050b0       0x80 build/default/production/main.o
                0x00000000008050b0                ascii

.text           0x0000000000001130       0x7a
 .text          0x0000000000001130       0x7a c:/program files/microchip/xc8/v2.46/avr/bin/../lib/gcc/avr/5.4.0/../../../../avr/lib/avrxmega3\libm.a(floatsisf.o)
                0x0000000000001130                __floatunsisf
                0x0000000000001134                __floatsisf

.text.writeDisplay
                0x00000000000011aa       0x76
 .text.writeDisplay
                0x00000000000011aa       0x76 build/default/production/main.o
                0x00000000000011aa                writeDisplay

.text.updateDisplay
                0x0000000000001220       0x72
 .text.updateDisplay
                0x0000000000001220       0x72 build/default/production/main.o
                0x0000000000001220                updateDisplay

.text.getDieTemperature
                0x0000000000001292       0x6c
 .text.getDieTemperature
                0x0000000000001292       0x6c build/default/production/main.o
                0x0000000000001292                getDieTemperature

.text.__vector_23
                0x00000000000012fe       0x58
 .text.__vector_23
                0x00000000000012fe       0x58 build/default/production/mcc_generated_files/adc/src/adc0.o
                0x00000000000012fe                __vector_23

.text.__vector_22
                0x0000000000001356       0x58
 .text.__vector_22
                0x0000000000001356       0x58 build/default/production/mcc_generated_files/adc/src/adc0.o
                0x0000000000001356                __vector_22

.text.__vector_9
                0x00000000000013ae       0x58
 .text.__vector_9
                0x00000000000013ae       0x58 build/default/production/mcc_generated_files/timer/src/tca0.o
                0x00000000000013ae                __vector_9

.text.__vector_4
                0x0000000000001406       0x58
 .text.__vector_4
                0x0000000000001406       0x58 build/default/production/mcc_generated_files/timer/src/rtc.o
                0x0000000000001406                __vector_4

.text.CLOCK_Initialize
                0x000000000000145e       0x56
 .text.CLOCK_Initialize
                0x000000000000145e       0x56 build/default/production/mcc_generated_files/system/src/clock.o
                0x000000000000145e                CLOCK_Initialize

.text.ENC_InterruptHandler
                0x00000000000014b4       0x54
 .text.ENC_InterruptHandler
                0x00000000000014b4       0x54 build/default/production/main.o
                0x00000000000014b4                ENC_InterruptHandler

.text.saveTemp  0x0000000000001508       0x54
 .text.saveTemp
                0x0000000000001508       0x54 build/default/production/main.o
                0x0000000000001508                saveTemp

.text.ackDisplay
                0x000000000000155c       0x48
 .text.ackDisplay
                0x000000000000155c       0x48 build/default/production/main.o
                0x000000000000155c                ackDisplay

.text           0x00000000000015a4       0x48
 .text          0x00000000000015a4       0x48 c:/program files/microchip/xc8/v2.46/avr/bin/../lib/gcc/avr/5.4.0/../../../../avr/lib/avrxmega3\libm.a(fp_cmp.o)
                0x00000000000015a4                __fp_cmp

.text           0x00000000000015ec       0x44
 .text          0x00000000000015ec       0x44 c:/program files/microchip/xc8/v2.46/avr/bin/../lib/gcc/avr/5.4.0/../../../../avr/lib/avrxmega3\libm.a(fp_split3.o)
                0x00000000000015ec                __fp_split3
                0x00000000000015fc                __fp_splitA

.text.libgcc.div
                0x0000000000001630       0x44
 .text.libgcc.div
                0x0000000000001630       0x44 c:/program files/microchip/xc8/v2.46/avr/bin/../lib/gcc/avr/5.4.0/avrxmega3\libgcc.a(_udivmodsi4.o)
                0x0000000000001630                __udivmodsi4

.text.RTC_Initialize
                0x0000000000001674       0x40
 .text.RTC_Initialize
                0x0000000000001674       0x40 build/default/production/mcc_generated_files/timer/src/rtc.o
                0x0000000000001674                RTC_Initialize

.text.TCA0_Initialize
                0x00000000000016b4       0x3e
 .text.TCA0_Initialize
                0x00000000000016b4       0x3e build/default/production/mcc_generated_files/timer/src/tca0.o
                0x00000000000016b4                TCA0_Initialize

.text.stopDisplay
                0x00000000000016f2       0x3e
 .text.stopDisplay
                0x00000000000016f2       0x3e build/default/production/main.o
                0x00000000000016f2                stopDisplay

.text.ADC_TemperatureCallback
                0x0000000000001730       0x38
 .text.ADC_TemperatureCallback
                0x0000000000001730       0x38 build/default/production/main.o
                0x0000000000001730                ADC_TemperatureCallback

.text.ADC0_Initialize
                0x0000000000001768       0x2e
 .text.ADC0_Initialize
                0x0000000000001768       0x2e build/default/production/mcc_generated_files/adc/src/adc0.o
                0x0000000000001768                ADC0_Initialize

.text.libgcc.div
                0x0000000000001796       0x2e
 .text.libgcc.div
                0x0000000000001796       0x2e c:/program files/microchip/xc8/v2.46/avr/bin/../lib/gcc/avr/5.4.0/avrxmega3\libgcc.a(_divmodsi4.o)
                0x0000000000001796                __divmodsi4

.text.DELAY_microseconds
                0x00000000000017c4       0x2c
 .text.DELAY_microseconds
                0x00000000000017c4       0x2c build/default/production/mcc_generated_files/timer/src/delay.o
                0x00000000000017c4                DELAY_microseconds

.text.EVSYS_Initialize
                0x00000000000017f0       0x28
 .text.EVSYS_Initialize
                0x00000000000017f0       0x28 build/default/production/mcc_generated_files/evsys/src/evsys.o
                0x00000000000017f0                EVSYS_Initialize

.text.loadTemp  0x0000000000001818       0x28
 .text.loadTemp
                0x0000000000001818       0x28 build/default/production/main.o
                0x0000000000001818                loadTemp

.text.SYSTEM_Initialize
                0x0000000000001840       0x26
 .text.SYSTEM_Initialize
                0x0000000000001840       0x26 build/default/production/mcc_generated_files/system/src/system.o
                0x0000000000001840                SYSTEM_Initialize

.text           0x0000000000001866       0x22
 .text          0x0000000000001866       0x22 c:/program files/microchip/xc8/v2.46/avr/bin/../lib/gcc/avr/5.4.0/../../../../avr/lib/avrxmega3\libm.a(fp_round.o)
                0x0000000000001866                __fp_round

.text.libgcc.mul
                0x0000000000001888       0x20
 .text.libgcc.mul
                0x0000000000001888       0x20 c:/program files/microchip/xc8/v2.46/avr/bin/../lib/gcc/avr/5.4.0/avrxmega3\libgcc.a(_mulsi3.o)
                0x0000000000001888                __mulsi3

.text.RTC_PITHandler
                0x00000000000018a8       0x1e
 .text.RTC_PITHandler
                0x00000000000018a8       0x1e build/default/production/main.o
                0x00000000000018a8                RTC_PITHandler

.text.startDisplay
                0x00000000000018c6       0x1e
 .text.startDisplay
                0x00000000000018c6       0x1e build/default/production/main.o
                0x00000000000018c6                startDisplay

.rodata         0x00000000008058e4       0x1e load address 0x00000000000018e4
 .rodata        0x00000000008058e4       0x1e build/default/production/main.o

.text.libgcc.mul
                0x0000000000001902       0x1e
 .text.libgcc.mul
                0x0000000000001902       0x1e c:/program files/microchip/xc8/v2.46/avr/bin/../lib/gcc/avr/5.4.0/avrxmega3\libgcc.a(_umulhisi3.o)
                0x0000000000001902                __umulhisi3

.text.CPUINT_Initialize
                0x0000000000001920       0x1a
 .text.CPUINT_Initialize
                0x0000000000001920       0x1a build/default/production/mcc_generated_files/system/src/interrupt.o
                0x0000000000001920                CPUINT_Initialize

.text.libgcc.mul
                0x000000000000193a       0x16
 .text.libgcc.mul
                0x000000000000193a       0x16 c:/program files/microchip/xc8/v2.46/avr/bin/../lib/gcc/avr/5.4.0/avrxmega3\libgcc.a(_muluhisi3.o)
                0x000000000000193a                __muluhisi3

.text.exit      0x0000000000001950       0x16
 .text.exit     0x0000000000001950       0x16 c:/program files/microchip/xc8/v2.46/avr/bin/../lib/gcc/avr/5.4.0/../../../../avr/lib/avrxmega3\libc.a(exit.o)
                0x0000000000001950                exit

.text.DELAY_milliseconds
                0x0000000000001966       0x14
 .text.DELAY_milliseconds
                0x0000000000001966       0x14 build/default/production/mcc_generated_files/timer/src/delay.o
                0x0000000000001966                DELAY_milliseconds

.text.EEPROM_Write
                0x000000000000197a       0x12
 .text.EEPROM_Write
                0x000000000000197a       0x12 build/default/production/mcc_generated_files/nvm/src/nvm.o
                0x000000000000197a                EEPROM_Write

.text.libgcc.div
                0x000000000000198c       0x10
 .text.libgcc.div
                0x000000000000198c       0x10 c:/program files/microchip/xc8/v2.46/avr/bin/../lib/gcc/avr/5.4.0/avrxmega3\libgcc.a(_negsi2.o)
                0x000000000000198c                __negsi2

.text           0x000000000000199c        0xe
 .text          0x000000000000199c        0xe c:/program files/microchip/xc8/v2.46/avr/bin/../lib/gcc/avr/5.4.0/../../../../avr/lib/avrxmega3\libm.a(addsf3.o)
                0x000000000000199c                __subsf3
                0x000000000000199e                __addsf3

.text           0x00000000000019aa        0xe
 .text          0x00000000000019aa        0xe c:/program files/microchip/xc8/v2.46/avr/bin/../lib/gcc/avr/5.4.0/../../../../avr/lib/avrxmega3\libm.a(fp_pscA.o)
                0x00000000000019aa                __fp_pscA

.text           0x00000000000019b8        0xe
 .text          0x00000000000019b8        0xe c:/program files/microchip/xc8/v2.46/avr/bin/../lib/gcc/avr/5.4.0/../../../../avr/lib/avrxmega3\libm.a(fp_pscB.o)
                0x00000000000019b8                __fp_pscB

.text           0x00000000000019c6        0xe
 .text          0x00000000000019c6        0xe c:/program files/microchip/xc8/v2.46/avr/bin/../lib/gcc/avr/5.4.0/../../../../avr/lib/avrxmega3\libm.a(fp_zero.o)
                0x00000000000019c6                __fp_zero
                0x00000000000019c8                __fp_szero

.text.VREF_Initialize
                0x00000000000019d4        0xc
 .text.VREF_Initialize
                0x00000000000019d4        0xc build/default/production/mcc_generated_files/vref/src/vref.o
                0x00000000000019d4                VREF_Initialize

.text           0x00000000000019e0        0xc
 .text          0x00000000000019e0        0xc c:/program files/microchip/xc8/v2.46/avr/bin/../lib/gcc/avr/5.4.0/../../../../avr/lib/avrxmega3\libm.a(fp_inf.o)
                0x00000000000019e0                __fp_inf

.text.ADC0_GetConversionResult
                0x00000000000019ec        0xa
 .text.ADC0_GetConversionResult
                0x00000000000019ec        0xa build/default/production/mcc_generated_files/adc/src/adc0.o
                0x00000000000019ec                ADC0_GetConversionResult

.text.ADC0_RegisterResrdyCallback
                0x00000000000019f6        0xa
 .text.ADC0_RegisterResrdyCallback
                0x00000000000019f6        0xa build/default/production/mcc_generated_files/adc/src/adc0.o
                0x00000000000019f6                ADC0_RegisterResrdyCallback

.text.EEPROM_IsBusy
                0x0000000000001a00        0xa
 .text.EEPROM_IsBusy
                0x0000000000001a00        0xa build/default/production/mcc_generated_files/nvm/src/nvm.o
                0x0000000000001a00                EEPROM_IsBusy

.text.ENC1_SetInterruptHandler
                0x0000000000001a0a        0xa
 .text.ENC1_SetInterruptHandler
                0x0000000000001a0a        0xa build/default/production/mcc_generated_files/system/src/pins.o
                0x0000000000001a0a                ENC1_SetInterruptHandler

.text.TCA0_Write
                0x0000000000001a14        0xa
 .text.TCA0_Write
                0x0000000000001a14        0xa build/default/production/mcc_generated_files/timer/src/tca0.o
                0x0000000000001a14                TCA0_Write

.text.TCA0_WaveformFreqRegCountSet
                0x0000000000001a1e        0xa
 .text.TCA0_WaveformFreqRegCountSet
                0x0000000000001a1e        0xa build/default/production/mcc_generated_files/timer/src/tca0.o
                0x0000000000001a1e                TCA0_WaveformFreqRegCountSet

.text.RTC_SetPITIsrCallback
                0x0000000000001a28        0xa
 .text.RTC_SetPITIsrCallback
                0x0000000000001a28        0xa build/default/production/mcc_generated_files/timer/src/rtc.o
                0x0000000000001a28                RTC_SetPITIsrCallback

.text           0x0000000000001a32        0xa
 .text          0x0000000000001a32        0xa c:/program files/microchip/xc8/v2.46/avr/bin/../lib/gcc/avr/5.4.0/../../../../avr/lib/avrxmega3\libm.a(gesf2.o)
                0x0000000000001a32                __gesf2
                0x0000000000001a32                __gtsf2

.text.protected_write_io
                0x0000000000001a3c        0x8
 .text.protected_write_io
                0x0000000000001a3c        0x8 build/default/production/mcc_generated_files/system/src/protected_io.o
                0x0000000000001a3c                protected_write_io

.text           0x0000000000001a44        0x8
 .text          0x0000000000001a44        0x8 c:/program files/microchip/xc8/v2.46/avr/bin/../lib/gcc/avr/5.4.0/../../../../avr/lib/avrxmega3\libm.a(divsf3.o)
                0x0000000000001a44                __divsf3

.text           0x0000000000001a4c        0x8
 .text          0x0000000000001a4c        0x8 c:/program files/microchip/xc8/v2.46/avr/bin/../lib/gcc/avr/5.4.0/../../../../avr/lib/avrxmega3\libm.a(mulsf3.o)
                0x0000000000001a4c                __mulsf3

.text.EEPROM_Read
                0x0000000000001a54        0x6
 .text.EEPROM_Read
                0x0000000000001a54        0x6 build/default/production/mcc_generated_files/nvm/src/nvm.o
                0x0000000000001a54                EEPROM_Read

.text           0x0000000000001a5a        0x6
 .text          0x0000000000001a5a        0x6 c:/program files/microchip/xc8/v2.46/avr/bin/../lib/gcc/avr/5.4.0/../../../../avr/lib/avrxmega3\libm.a(fp_nan.o)
                0x0000000000001a5a                __fp_nan

.text           0x0000000000001a60        0x4
 .text          0x0000000000001a60        0x4 C:/Program Files/Microchip/MPLABX/v6.20/packs/Microchip/ATmega_DFP/3.1.264/xc8/avr/lib/avrxmega3/crtatmega4809.o
                0x0000000000001a60                __vector_38
                0x0000000000001a60                __vector_28
                0x0000000000001a60                __vector_1
                0x0000000000001a60                __vector_32
                0x0000000000001a60                __vector_12
                0x0000000000001a60                __bad_interrupt
                0x0000000000001a60                __vector_31
                0x0000000000001a60                __vector_39
                0x0000000000001a60                __vector_30
                0x0000000000001a60                __vector_25
                0x0000000000001a60                __vector_11
                0x0000000000001a60                __vector_13
                0x0000000000001a60                __vector_17
                0x0000000000001a60                __vector_19
                0x0000000000001a60                __vector_7
                0x0000000000001a60                __vector_27
                0x0000000000001a60                __vector_5
                0x0000000000001a60                __vector_33
                0x0000000000001a60                __vector_37
                0x0000000000001a60                __vector_2
                0x0000000000001a60                __vector_21
                0x0000000000001a60                __vector_15
                0x0000000000001a60                __vector_36
                0x0000000000001a60                __vector_8
                0x0000000000001a60                __vector_26
                0x0000000000001a60                __vector_14
                0x0000000000001a60                __vector_10
                0x0000000000001a60                __vector_16
                0x0000000000001a60                __vector_18

.text._Exit     0x0000000000001a64        0x4
 .text._Exit    0x0000000000001a64        0x4 c:/program files/microchip/xc8/v2.46/avr/bin/../lib/gcc/avr/5.4.0/../../../../avr/lib/avrxmega3\libc.a(_Exit.o)
                0x0000000000001a64                _Exit

.text.NVM_Initialize
                0x0000000000001a68        0x2
 .text.NVM_Initialize
                0x0000000000001a68        0x2 build/default/production/mcc_generated_files/nvm/src/nvm.o
                0x0000000000001a68                NVM_Initialize

.text.TEMP_IN0_DefaultInterruptHandler
                0x0000000000001a6a        0x2
 .text.TEMP_IN0_DefaultInterruptHandler
                0x0000000000001a6a        0x2 build/default/production/mcc_generated_files/system/src/pins.o
                0x0000000000001a6a                TEMP_IN0_DefaultInterruptHandler

.text.TEMP_IN1_DefaultInterruptHandler
                0x0000000000001a6c        0x2
 .text.TEMP_IN1_DefaultInterruptHandler
                0x0000000000001a6c        0x2 build/default/production/mcc_generated_files/system/src/pins.o
                0x0000000000001a6c                TEMP_IN1_DefaultInterruptHandler

.text.CTRL_OUT_DefaultInterruptHandler
                0x0000000000001a6e        0x2
 .text.CTRL_OUT_DefaultInterruptHandler
                0x0000000000001a6e        0x2 build/default/production/mcc_generated_files/system/src/pins.o
                0x0000000000001a6e                CTRL_OUT_DefaultInterruptHandler

.text.IO_PA0_DefaultInterruptHandler
                0x0000000000001a70        0x2
 .text.IO_PA0_DefaultInterruptHandler
                0x0000000000001a70        0x2 build/default/production/mcc_generated_files/system/src/pins.o
                0x0000000000001a70                IO_PA0_DefaultInterruptHandler

.text.IO_PA1_DefaultInterruptHandler
                0x0000000000001a72        0x2
 .text.IO_PA1_DefaultInterruptHandler
                0x0000000000001a72        0x2 build/default/production/mcc_generated_files/system/src/pins.o
                0x0000000000001a72                IO_PA1_DefaultInterruptHandler

.text.ENCB_DefaultInterruptHandler
                0x0000000000001a74        0x2
 .text.ENCB_DefaultInterruptHandler
                0x0000000000001a74        0x2 build/default/production/mcc_generated_files/system/src/pins.o
                0x0000000000001a74                ENCB_DefaultInterruptHandler

.text.ENC1_DefaultInterruptHandler
                0x0000000000001a76        0x2
 .text.ENC1_DefaultInterruptHandler
                0x0000000000001a76        0x2 build/default/production/mcc_generated_files/system/src/pins.o
                0x0000000000001a76                ENC1_DefaultInterruptHandler

.text.ENC2_DefaultInterruptHandler
                0x0000000000001a78        0x2
 .text.ENC2_DefaultInterruptHandler
                0x0000000000001a78        0x2 build/default/production/mcc_generated_files/system/src/pins.o
                0x0000000000001a78                ENC2_DefaultInterruptHandler

.text.IO_PA7_DefaultInterruptHandler
                0x0000000000001a7a        0x2
 .text.IO_PA7_DefaultInterruptHandler
                0x0000000000001a7a        0x2 build/default/production/mcc_generated_files/system/src/pins.o
                0x0000000000001a7a                IO_PA7_DefaultInterruptHandler

.text.IO_PB0_DefaultInterruptHandler
                0x0000000000001a7c        0x2
 .text.IO_PB0_DefaultInterruptHandler
                0x0000000000001a7c        0x2 build/default/production/mcc_generated_files/system/src/pins.o
                0x0000000000001a7c                IO_PB0_DefaultInterruptHandler

.text.IO_PB1_DefaultInterruptHandler
                0x0000000000001a7e        0x2
 .text.IO_PB1_DefaultInterruptHandler
                0x0000000000001a7e        0x2 build/default/production/mcc_generated_files/system/src/pins.o
                0x0000000000001a7e                IO_PB1_DefaultInterruptHandler

.text.IO_PB2_DefaultInterruptHandler
                0x0000000000001a80        0x2
 .text.IO_PB2_DefaultInterruptHandler
                0x0000000000001a80        0x2 build/default/production/mcc_generated_files/system/src/pins.o
                0x0000000000001a80                IO_PB2_DefaultInterruptHandler

.text.IO_PB3_DefaultInterruptHandler
                0x0000000000001a82        0x2
 .text.IO_PB3_DefaultInterruptHandler
                0x0000000000001a82        0x2 build/default/production/mcc_generated_files/system/src/pins.o
                0x0000000000001a82                IO_PB3_DefaultInterruptHandler

.text.IO_PB4_DefaultInterruptHandler
                0x0000000000001a84        0x2
 .text.IO_PB4_DefaultInterruptHandler
                0x0000000000001a84        0x2 build/default/production/mcc_generated_files/system/src/pins.o
                0x0000000000001a84                IO_PB4_DefaultInterruptHandler

.text.IO_PB5_DefaultInterruptHandler
                0x0000000000001a86        0x2
 .text.IO_PB5_DefaultInterruptHandler
                0x0000000000001a86        0x2 build/default/production/mcc_generated_files/system/src/pins.o
                0x0000000000001a86                IO_PB5_DefaultInterruptHandler

.text.IO_PC1_DefaultInterruptHandler
                0x0000000000001a88        0x2
 .text.IO_PC1_DefaultInterruptHandler
                0x0000000000001a88        0x2 build/default/production/mcc_generated_files/system/src/pins.o
                0x0000000000001a88                IO_PC1_DefaultInterruptHandler

.text.IO_PC2_DefaultInterruptHandler
                0x0000000000001a8a        0x2
 .text.IO_PC2_DefaultInterruptHandler
                0x0000000000001a8a        0x2 build/default/production/mcc_generated_files/system/src/pins.o
                0x0000000000001a8a                IO_PC2_DefaultInterruptHandler

.text.IO_PC3_DefaultInterruptHandler
                0x0000000000001a8c        0x2
 .text.IO_PC3_DefaultInterruptHandler
                0x0000000000001a8c        0x2 build/default/production/mcc_generated_files/system/src/pins.o
                0x0000000000001a8c                IO_PC3_DefaultInterruptHandler

.text.IO_PC4_DefaultInterruptHandler
                0x0000000000001a8e        0x2
 .text.IO_PC4_DefaultInterruptHandler
                0x0000000000001a8e        0x2 build/default/production/mcc_generated_files/system/src/pins.o
                0x0000000000001a8e                IO_PC4_DefaultInterruptHandler

.text.IO_PC5_DefaultInterruptHandler
                0x0000000000001a90        0x2
 .text.IO_PC5_DefaultInterruptHandler
                0x0000000000001a90        0x2 build/default/production/mcc_generated_files/system/src/pins.o
                0x0000000000001a90                IO_PC5_DefaultInterruptHandler

.text.IO_PC6_DefaultInterruptHandler
                0x0000000000001a92        0x2
 .text.IO_PC6_DefaultInterruptHandler
                0x0000000000001a92        0x2 build/default/production/mcc_generated_files/system/src/pins.o
                0x0000000000001a92                IO_PC6_DefaultInterruptHandler

.text.IO_PC7_DefaultInterruptHandler
                0x0000000000001a94        0x2
 .text.IO_PC7_DefaultInterruptHandler
                0x0000000000001a94        0x2 build/default/production/mcc_generated_files/system/src/pins.o
                0x0000000000001a94                IO_PC7_DefaultInterruptHandler

.text.VIN_TEST_DefaultInterruptHandler
                0x0000000000001a96        0x2
 .text.VIN_TEST_DefaultInterruptHandler
                0x0000000000001a96        0x2 build/default/production/mcc_generated_files/system/src/pins.o
                0x0000000000001a96                VIN_TEST_DefaultInterruptHandler

.text.IO_PD3_DefaultInterruptHandler
                0x0000000000001a98        0x2
 .text.IO_PD3_DefaultInterruptHandler
                0x0000000000001a98        0x2 build/default/production/mcc_generated_files/system/src/pins.o
                0x0000000000001a98                IO_PD3_DefaultInterruptHandler

.text.IO_PD4_DefaultInterruptHandler
                0x0000000000001a9a        0x2
 .text.IO_PD4_DefaultInterruptHandler
                0x0000000000001a9a        0x2 build/default/production/mcc_generated_files/system/src/pins.o
                0x0000000000001a9a                IO_PD4_DefaultInterruptHandler

.text.IO_PD5_DefaultInterruptHandler
                0x0000000000001a9c        0x2
 .text.IO_PD5_DefaultInterruptHandler
                0x0000000000001a9c        0x2 build/default/production/mcc_generated_files/system/src/pins.o
                0x0000000000001a9c                IO_PD5_DefaultInterruptHandler

.text.IO_PD6_DefaultInterruptHandler
                0x0000000000001a9e        0x2
 .text.IO_PD6_DefaultInterruptHandler
                0x0000000000001a9e        0x2 build/default/production/mcc_generated_files/system/src/pins.o
                0x0000000000001a9e                IO_PD6_DefaultInterruptHandler

.text.IO_PD7_DefaultInterruptHandler
                0x0000000000001aa0        0x2
 .text.IO_PD7_DefaultInterruptHandler
                0x0000000000001aa0        0x2 build/default/production/mcc_generated_files/system/src/pins.o
                0x0000000000001aa0                IO_PD7_DefaultInterruptHandler

.text.IO_PE0_DefaultInterruptHandler
                0x0000000000001aa2        0x2
 .text.IO_PE0_DefaultInterruptHandler
                0x0000000000001aa2        0x2 build/default/production/mcc_generated_files/system/src/pins.o
                0x0000000000001aa2                IO_PE0_DefaultInterruptHandler

.text.IO_PE1_DefaultInterruptHandler
                0x0000000000001aa4        0x2
 .text.IO_PE1_DefaultInterruptHandler
                0x0000000000001aa4        0x2 build/default/production/mcc_generated_files/system/src/pins.o
                0x0000000000001aa4                IO_PE1_DefaultInterruptHandler

.text.IO_PE2_DefaultInterruptHandler
                0x0000000000001aa6        0x2
 .text.IO_PE2_DefaultInterruptHandler
                0x0000000000001aa6        0x2 build/default/production/mcc_generated_files/system/src/pins.o
                0x0000000000001aa6                IO_PE2_DefaultInterruptHandler

.text.IO_PE3_DefaultInterruptHandler
                0x0000000000001aa8        0x2
 .text.IO_PE3_DefaultInterruptHandler
                0x0000000000001aa8        0x2 build/default/production/mcc_generated_files/system/src/pins.o
                0x0000000000001aa8                IO_PE3_DefaultInterruptHandler

.text.IO_PF0_DefaultInterruptHandler
                0x0000000000001aaa        0x2
 .text.IO_PF0_DefaultInterruptHandler
                0x0000000000001aaa        0x2 build/default/production/mcc_generated_files/system/src/pins.o
                0x0000000000001aaa                IO_PF0_DefaultInterruptHandler

.text.IO_PF1_DefaultInterruptHandler
                0x0000000000001aac        0x2
 .text.IO_PF1_DefaultInterruptHandler
                0x0000000000001aac        0x2 build/default/production/mcc_generated_files/system/src/pins.o
                0x0000000000001aac                IO_PF1_DefaultInterruptHandler

.text.IO_PF2_DefaultInterruptHandler
                0x0000000000001aae        0x2
 .text.IO_PF2_DefaultInterruptHandler
                0x0000000000001aae        0x2 build/default/production/mcc_generated_files/system/src/pins.o
                0x0000000000001aae                IO_PF2_DefaultInterruptHandler

.text.IO_PF3_DefaultInterruptHandler
                0x0000000000001ab0        0x2
 .text.IO_PF3_DefaultInterruptHandler
                0x0000000000001ab0        0x2 build/default/production/mcc_generated_files/system/src/pins.o
                0x0000000000001ab0                IO_PF3_DefaultInterruptHandler

.text.IO_PF4_DefaultInterruptHandler
                0x0000000000001ab2        0x2
 .text.IO_PF4_DefaultInterruptHandler
                0x0000000000001ab2        0x2 build/default/production/mcc_generated_files/system/src/pins.o
                0x0000000000001ab2                IO_PF4_DefaultInterruptHandler

.text.IO_PF5_DefaultInterruptHandler
                0x0000000000001ab4        0x2
 .text.IO_PF5_DefaultInterruptHandler
                0x0000000000001ab4        0x2 build/default/production/mcc_generated_files/system/src/pins.o
                0x0000000000001ab4                IO_PF5_DefaultInterruptHandler

.text.DISP_DATA_DefaultInterruptHandler
                0x0000000000001ab6        0x2
 .text.DISP_DATA_DefaultInterruptHandler
                0x0000000000001ab6        0x2 build/default/production/mcc_generated_files/system/src/pins.o
                0x0000000000001ab6                DISP_DATA_DefaultInterruptHandler

.text.DISP_CLK_DefaultInterruptHandler
                0x0000000000001ab8        0x2
 .text.DISP_CLK_DefaultInterruptHandler
                0x0000000000001ab8        0x2 build/default/production/mcc_generated_files/system/src/pins.o
                0x0000000000001ab8                DISP_CLK_DefaultInterruptHandler

.text.TCA0_DefaultCompare0CallbackRegister
                0x0000000000001aba        0x2
 .text.TCA0_DefaultCompare0CallbackRegister
                0x0000000000001aba        0x2 build/default/production/mcc_generated_files/timer/src/tca0.o
                0x0000000000001aba                TCA0_DefaultCompare0CallbackRegister

.text.__dummy_fini
                0x0000000000001abc        0x2
 .text.__dummy_fini
                0x0000000000001abc        0x2 c:/program files/microchip/xc8/v2.46/avr/bin/../lib/gcc/avr/5.4.0/../../../../avr/lib/avrxmega3\libc.a(exit.o)
                0x0000000000001abc                _fini

.text.__dummy_funcs_on_exit
                0x0000000000001abe        0x2
 .text.__dummy_funcs_on_exit
                0x0000000000001abe        0x2 c:/program files/microchip/xc8/v2.46/avr/bin/../lib/gcc/avr/5.4.0/../../../../avr/lib/avrxmega3\libc.a(exit.o)
                0x0000000000001abe                __funcs_on_exit

.text.__dummy_simulator_exit
                0x0000000000001ac0        0x2
 .text.__dummy_simulator_exit
                0x0000000000001ac0        0x2 c:/program files/microchip/xc8/v2.46/avr/bin/../lib/gcc/avr/5.4.0/../../../../avr/lib/avrxmega3\libc.a(exit.o)
                0x0000000000001ac0                __simulator_exit

.data.tempLUT   0x0000000000802800      0x9a0 load address 0x0000000000001ac2
 .data.tempLUT  0x0000000000802800      0x9a0 build/default/production/main.o
                0x0000000000802800                tempLUT

.data.presetSetpoints
                0x00000000008031a0        0x8 load address 0x0000000000002462
 .data.presetSetpoints
                0x00000000008031a0        0x8 build/default/production/main.o
                0x00000000008031a0                presetSetpoints

.data.TCA0_CMP0_isr_cb
                0x0000000000803204        0x2 load address 0x000000000000246a
 .data.TCA0_CMP0_isr_cb
                0x0000000000803204        0x2 build/default/production/mcc_generated_files/timer/src/tca0.o
                0x0000000000803204                TCA0_CMP0_isr_cb

.data.displayWhat
                0x0000000000803210        0x2 load address 0x000000000000246c
 .data.displayWhat
                0x0000000000803210        0x2 build/default/production/main.o
                0x0000000000803210                displayWhat

.data.coldJunctionTemp
                0x0000000000803218        0x2 load address 0x000000000000246e
 .data.coldJunctionTemp
                0x0000000000803218        0x2 build/default/production/main.o
                0x0000000000803218                coldJunctionTemp

.data.presetSetpointIndex
                0x000000000080321b        0x1 load address 0x0000000000002470
 .data.presetSetpointIndex
                0x000000000080321b        0x1 build/default/production/main.o
                0x000000000080321b                presetSetpointIndex

.data.brightness
                0x000000000080321c        0x1 load address 0x0000000000002471
 .data.brightness
                0x000000000080321c        0x1 build/default/production/main.o
                0x000000000080321c                brightness

.data.direction
                0x000000000080321d        0x1 load address 0x0000000000002472
 .data.direction
                0x000000000080321d        0x1 build/default/production/main.o
                0x000000000080321d                direction
